// Jest Snapshot v1, https://goo.gl/fbAQLP

exports[`search dialog definitions are fetched and parsed correctly 1`] = `
[
  {
    "helpContext": undefined,
    "idField": undefined,
    "name": "GBIFCollection",
    "table": undefined,
    "title": "GBIFCollection",
    "type": "gbif",
    "view": "GBIFCollection",
    "viewSet": undefined,
  },
  {
    "helpContext": "CBXQSearch",
    "idField": "accessionId",
    "name": "AccessionSearch",
    "table": "[table Accession]",
    "title": "AccessionSearch",
    "type": "search",
    "view": "AccessionSearch",
    "viewSet": "Search",
  },
  {
    "helpContext": "CBXQSearch",
    "idField": "agentId",
    "name": "AgentSearch",
    "table": "[table Agent]",
    "title": "AgentSearch",
    "type": "search",
    "view": "AgentSearch",
    "viewSet": "Search",
  },
  {
    "helpContext": "CBXQSearch",
    "idField": "appraisalId",
    "name": "AppraisalSearch",
    "table": "[table Appraisal]",
    "title": "AppraisalSearch",
    "type": "search",
    "view": "AppraisalSearch",
    "viewSet": "Search",
  },
  {
    "helpContext": "CBXQSearch",
    "idField": "attachmentId",
    "name": "AttachmentSearch",
    "table": "[table Attachment]",
    "title": "AttachmentSearch",
    "type": "search",
    "view": "AttachmentSearch",
    "viewSet": "Search",
  },
  {
    "helpContext": "CBXQSearch",
    "idField": "autoNumberingSchemeId",
    "name": "AutoNumberingSchemeSearch",
    "table": "[table AutoNumberingScheme]",
    "title": "AutoNumberingSchemeSearch",
    "type": "search",
    "view": "AutoNumberingSchemeSearch",
    "viewSet": "Search",
  },
  {
    "helpContext": "CBXQSearch",
    "idField": "geologicTimePeriodId",
    "name": "BioStratSearch",
    "table": "[table GeologicTimePeriod]",
    "title": "BioStratSearch",
    "type": "search",
    "view": "BioStratSearch",
    "viewSet": "Search",
  },
  {
    "helpContext": "CBXQSearch",
    "idField": "collectionObjectId",
    "name": "CollectionObjectSearch",
    "table": "[table CollectionObject]",
    "title": "CollectionObjectSearch",
    "type": "search",
    "view": "CollectionObjectSearch",
    "viewSet": "Search",
  },
  {
    "helpContext": "CBXQSearch",
    "idField": "collectingEventId",
    "name": "CollectingEventSearch",
    "table": "[table CollectingEvent]",
    "title": "CollectingEventSearch",
    "type": "search",
    "view": "CollectingEventSearch",
    "viewSet": "Search",
  },
  {
    "helpContext": "CBXQSearch",
    "idField": "collectingTripId",
    "name": "CollectingTripSearch",
    "table": "[table CollectingTrip]",
    "title": "CollectingTripSearch",
    "type": "search",
    "view": "CollectingTripSearch",
    "viewSet": "Search",
  },
  {
    "helpContext": "CBXQSearch",
    "idField": "collectionRelTypeId",
    "name": "CollectionRelTypeSearch",
    "table": "[table CollectionRelType]",
    "title": "CollectionRelTypeSearch",
    "type": "search",
    "view": "CollectionRelTypeSearch",
    "viewSet": "Search",
  },
  {
    "helpContext": "CBXQSearch",
    "idField": "containerId",
    "name": "ContainerSearch",
    "table": "[table Container]",
    "title": "ContainerSearch",
    "type": "search",
    "view": "ContainerSearch",
    "viewSet": "Search",
  },
  {
    "helpContext": "CBXQSearch",
    "idField": "containerId",
    "name": "ContainerOwnerSearch",
    "table": "[table Container]",
    "title": "ContainerOwnerSearch",
    "type": "search",
    "view": "ContainerSearch",
    "viewSet": "Search",
  },
  {
    "helpContext": "CBXQSearch",
    "idField": "deaccessionId",
    "name": "DeaccessionSearch",
    "table": "[table Deaccession]",
    "title": "DeaccessionSearch",
    "type": "search",
    "view": "DeaccessionSearch",
    "viewSet": "Search",
  },
  {
    "helpContext": "CBXQSearch",
    "idField": "disciplineId",
    "name": "DisciplineSearch",
    "table": "[table Discipline]",
    "title": "DisciplineSearch",
    "type": "search",
    "view": "DisciplineSearch",
    "viewSet": "Search",
  },
  {
    "helpContext": "CBXQSearch",
    "idField": "disposalId",
    "name": "DisposalSearch",
    "table": "[table Disposal]",
    "title": "DisposalSearch",
    "type": "search",
    "view": "DisposalSearch",
    "viewSet": "Search",
  },
  {
    "helpContext": "CBXQSearch",
    "idField": "dnaPrimerId",
    "name": "DNAPrimerSearch",
    "table": "[table DNAPrimer]",
    "title": "DNAPrimerSearch",
    "type": "search",
    "view": "DNAPrimerSearch",
    "viewSet": "Search",
  },
  {
    "helpContext": "CBXQSearch",
    "idField": "divisionId",
    "name": "DivisionSearch",
    "table": "[table Division]",
    "title": "DivisionSearch",
    "type": "search",
    "view": "DivisionSearch",
    "viewSet": "Search",
  },
  {
    "helpContext": "CBXQSearch",
    "idField": "exsiccataId",
    "name": "ExsiccataSearch",
    "table": "[table Exsiccata]",
    "title": "ExsiccataSearch",
    "type": "search",
    "view": "ExsiccataSearch",
    "viewSet": "Search",
  },
  {
    "helpContext": "CBXQSearch",
    "idField": "determinationId",
    "name": "DeterminationSearch",
    "table": "[table Determination]",
    "title": "DeterminationSearch",
    "type": "search",
    "view": "DeterminationSearch",
    "viewSet": "Search",
  },
  {
    "helpContext": "CBXQSearch",
    "idField": "fieldNotebookPageId",
    "name": "FieldNotebookPageSearch",
    "table": "[table FieldNotebookPage]",
    "title": "FieldNotebookPageSearch",
    "type": "search",
    "view": "FieldNotebookPageSearch",
    "viewSet": "Search",
  },
  {
    "helpContext": "CBXQSearch",
    "idField": "geographyId",
    "name": "GeographySearch",
    "table": "[table Geography]",
    "title": "GeographySearch",
    "type": "search",
    "view": "GeographySearch",
    "viewSet": "Search",
  },
  {
    "helpContext": "CBXQSearch",
    "idField": "geologicTimePeriodId",
    "name": "ChronosStratSearch",
    "table": "[table GeologicTimePeriod]",
    "title": "ChronosStratSearch",
    "type": "search",
    "view": "ChronosStratSearch",
    "viewSet": "Search",
  },
  {
    "helpContext": "CBXQSearch",
    "idField": "journalId",
    "name": "JournalSearch",
    "table": "[table Journal]",
    "title": "JournalSearch",
    "type": "search",
    "view": "JournalSearch",
    "viewSet": "Search",
  },
  {
    "helpContext": "CBXQSearch",
    "idField": "lithoStratId",
    "name": "LithoStratSearch",
    "table": "[table LithoStrat]",
    "title": "LithoStratSearch",
    "type": "search",
    "view": "LithoStratSearch",
    "viewSet": "Search",
  },
  {
    "helpContext": "CBXQSearch",
    "idField": "localityId",
    "name": "LocalitySearch",
    "table": "[table Locality]",
    "title": "LocalitySearch",
    "type": "search",
    "view": "LocalitySearch",
    "viewSet": "Search",
  },
  {
    "helpContext": "CBXQSearch",
    "idField": "morphBankViewId",
    "name": "MorphBankViewSearch",
    "table": "[table MorphBankView]",
    "title": "MorphBankViewSearch",
    "type": "search",
    "view": "MorphBankViewSearch",
    "viewSet": "Search",
  },
  {
    "helpContext": "CBXQSearch",
    "idField": "storageId",
    "name": "StorageSearch",
    "table": "[table Storage]",
    "title": "StorageSearch",
    "type": "search",
    "view": "StorageSearch",
    "viewSet": "Search",
  },
  {
    "helpContext": "CBXQSearch",
    "idField": "paleoContextId",
    "name": "PaleoContextSearch",
    "table": "[table PaleoContext]",
    "title": "PaleoContextSearch",
    "type": "search",
    "view": "PaleoContextSearch",
    "viewSet": "Search",
  },
  {
    "helpContext": "CBXQSearch",
    "idField": "permitId",
    "name": "PermitSearch",
    "table": "[table Permit]",
    "title": "PermitSearch",
    "type": "search",
    "view": "PermitSearch",
    "viewSet": "Search",
  },
  {
    "helpContext": "CBXQSearch",
    "idField": "preparationId",
    "name": "PreparationSearch",
    "table": "[table Preparation]",
    "title": "PreparationSearch",
    "type": "search",
    "view": "PreparationSearch",
    "viewSet": "Search",
  },
  {
    "helpContext": "CBXQSearch",
    "idField": "prepTypeId",
    "name": "PrepTypeSearch",
    "table": "[table PrepType]",
    "title": "PrepTypeSearch",
    "type": "search",
    "view": "PrepTypeSearch",
    "viewSet": "Search",
  },
  {
    "helpContext": "CBXQSearch",
    "idField": "projectId",
    "name": "ProjectSearch",
    "table": "[table Project]",
    "title": "ProjectSearch",
    "type": "search",
    "view": "ProjectSearch",
    "viewSet": "Search",
  },
  {
    "helpContext": "CBXQSearch",
    "idField": "referenceWorkId",
    "name": "ReferenceWorkSearch",
    "table": "[table ReferenceWork]",
    "title": "ReferenceWorkSearch",
    "type": "search",
    "view": "ReferenceWorkSearch",
    "viewSet": "Search",
  },
  {
    "helpContext": "CBXQSearch",
    "idField": "repositoryAgreementId",
    "name": "RepositoryAgreementSearch",
    "table": "[table RepositoryAgreement]",
    "title": "RepositoryAgreementSearch",
    "type": "search",
    "view": "RepositoryAgreementSearch",
    "viewSet": "Search",
  },
  {
    "helpContext": "CBXQSearch",
    "idField": "taxonId",
    "name": "TaxonSearch",
    "table": "[table Taxon]",
    "title": "TaxonSearch",
    "type": "search",
    "view": "TaxonSearch",
    "viewSet": "Search",
  },
  {
    "helpContext": "CBXQSearch",
    "idField": "agentId",
    "name": "UserAgentSearch",
    "table": "[table Agent]",
    "title": "UserAgentSearch",
    "type": "search",
    "view": "UserAgentSearch",
    "viewSet": "Search",
  },
  {
    "helpContext": "CBXQViewEdit",
    "idField": undefined,
    "name": "AccessionDisplay",
    "table": "[table Accession]",
    "title": "AccessionDisplay",
    "type": "display",
    "view": "AccessionCO",
    "viewSet": undefined,
  },
  {
    "helpContext": "CBXQViewEdit",
    "idField": undefined,
    "name": "AccessionAgentDisplay",
    "table": "[table Address]",
    "title": "AccessionAgentDisplay",
    "type": "display",
    "view": "AccessionAgent",
    "viewSet": undefined,
  },
  {
    "helpContext": "CBXQViewEdit",
    "idField": undefined,
    "name": "AddressDisplay",
    "table": "[table Accession]",
    "title": "AddressDisplay",
    "type": "display",
    "view": "Address",
    "viewSet": undefined,
  },
  {
    "helpContext": "CBXQViewEdit",
    "idField": undefined,
    "name": "AgentDisplay",
    "table": "[table Agent]",
    "title": "AgentDisplay",
    "type": "display",
    "view": "Agent",
    "viewSet": undefined,
  },
  {
    "helpContext": "CBXQViewEdit",
    "idField": undefined,
    "name": "AgentVariant",
    "table": "[table AgentVariant]",
    "title": "AgentVariant",
    "type": "display",
    "view": "AgentVariant",
    "viewSet": undefined,
  },
  {
    "helpContext": "CBXQViewEdit",
    "idField": undefined,
    "name": "AppraisalDisplay",
    "table": "[table Appraisal]",
    "title": "AppraisalDisplay",
    "type": "display",
    "view": "Appraisal",
    "viewSet": undefined,
  },
  {
    "helpContext": "CBXQViewEdit",
    "idField": undefined,
    "name": "AttachmentsForm",
    "table": "[table Attachment]",
    "title": "AttachmentsForm",
    "type": "display",
    "view": "AttachmentsForm",
    "viewSet": undefined,
  },
  {
    "helpContext": "CBXQViewEdit",
    "idField": undefined,
    "name": "AutoNumberingScheme",
    "table": "[table AutoNumberingScheme]",
    "title": "AutoNumberingScheme",
    "type": "display",
    "view": "AutoNumberingScheme",
    "viewSet": undefined,
  },
  {
    "helpContext": "CBXQViewEdit",
    "idField": undefined,
    "name": "AuthorDisplay",
    "table": "[table Author]",
    "title": "AuthorDisplay",
    "type": "display",
    "view": "Author",
    "viewSet": undefined,
  },
  {
    "helpContext": "CBXQViewEdit",
    "idField": undefined,
    "name": "BioStratDisplay",
    "table": "[table GeologicTimePeriod]",
    "title": "BioStratDisplay",
    "type": "display",
    "view": "BioStrat",
    "viewSet": undefined,
  },
  {
    "helpContext": "CBXQViewEdit",
    "idField": undefined,
    "name": "BorrowAgentDisplay",
    "table": "[table BorrowAgent]",
    "title": "BorrowAgentDisplay",
    "type": "display",
    "view": "BorrowAgent",
    "viewSet": undefined,
  },
  {
    "helpContext": "CBXQViewEdit",
    "idField": undefined,
    "name": "BorrowMaterialDisplay",
    "table": "[table BorrowMaterial]",
    "title": "BorrowMaterialDisplay",
    "type": "display",
    "view": "BorrowMaterial",
    "viewSet": undefined,
  },
  {
    "helpContext": "CBXQViewEdit",
    "idField": undefined,
    "name": "BorrowReturnMaterialDisplay",
    "table": "[table BorrowReturnMaterial]",
    "title": "BorrowReturnMaterialDisplay",
    "type": "display",
    "view": "BorrowReturnMaterial",
    "viewSet": undefined,
  },
  {
    "helpContext": "CBXQViewEdit",
    "idField": undefined,
    "name": "Collection",
    "table": "[table Collection]",
    "title": "Collection",
    "type": "display",
    "view": "Collection",
    "viewSet": undefined,
  },
  {
    "helpContext": "CBXQViewEdit",
    "idField": undefined,
    "name": "CollectorDisplay",
    "table": "[table Collector]",
    "title": "CollectorDisplay",
    "type": "display",
    "view": "Collector",
    "viewSet": undefined,
  },
  {
    "helpContext": "CBXQViewEdit",
    "idField": undefined,
    "name": "CollectionObject",
    "table": "[table CollectionObject]",
    "title": "CollectionObject",
    "type": "display",
    "view": "CollectionObject",
    "viewSet": undefined,
  },
  {
    "helpContext": "CBXQViewEdit",
    "idField": undefined,
    "name": "CollectionObjectPropertyDisplay",
    "table": "[table CollectionObjectProperty]",
    "title": "CollectionObjectPropertyDisplay",
    "type": "display",
    "view": "CollectionObjectProperty",
    "viewSet": undefined,
  },
  {
    "helpContext": "CBXQViewEdit",
    "idField": undefined,
    "name": "CollectionRelationshipLeft",
    "table": "[table CollectionRelationship]",
    "title": "CollectionRelationshipLeft",
    "type": "display",
    "view": "CollectionRelationship",
    "viewSet": undefined,
  },
  {
    "helpContext": "CBXQViewEdit",
    "idField": undefined,
    "name": "CollectionRelType",
    "table": "[table CollectionRelType]",
    "title": "CollectionRelType",
    "type": "display",
    "view": "CollectionRelType",
    "viewSet": undefined,
  },
  {
    "helpContext": "CBXQViewEdit",
    "idField": undefined,
    "name": "CollectingEvent",
    "table": "[table CollectingEvent]",
    "title": "CollectingEvent",
    "type": "display",
    "view": "CollectingEvent",
    "viewSet": undefined,
  },
  {
    "helpContext": "CBXQViewEdit",
    "idField": undefined,
    "name": "CollectingTripDisplay",
    "table": "[table CollectingTrip]",
    "title": "CollectingTripDisplay",
    "type": "display",
    "view": "CollectingTrip",
    "viewSet": undefined,
  },
  {
    "helpContext": "CBXQViewEdit",
    "idField": undefined,
    "name": "ContainerDisplay",
    "table": "[table Container]",
    "title": "ContainerDisplay",
    "type": "display",
    "view": "ContainerBrief",
    "viewSet": undefined,
  },
  {
    "helpContext": "CBXQViewEdit",
    "idField": undefined,
    "name": "DeaccessionDisplay",
    "table": "[table Deaccession]",
    "title": "DeaccessionDisplay",
    "type": "display",
    "view": "Deaccession",
    "viewSet": undefined,
  },
  {
    "helpContext": "CBXQViewEdit",
    "idField": undefined,
    "name": "DeaccessionAgentDisplay",
    "table": "[table DeaccessionAgent]",
    "title": "DeaccessionAgentDisplay",
    "type": "display",
    "view": "DeaccessionAgent",
    "viewSet": undefined,
  },
  {
    "helpContext": "CBXQViewEdit",
    "idField": undefined,
    "name": "DisposalDisplay",
    "table": "[table Disposal]",
    "title": "DisposalDisplay",
    "type": "display",
    "view": "Disposal",
    "viewSet": undefined,
  },
  {
    "helpContext": "CBXQViewEdit",
    "idField": undefined,
    "name": "DisposalAgentDisplay",
    "table": "[table DisposalAgent]",
    "title": "DisposalAgentDisplay",
    "type": "display",
    "view": "DisposalAgent",
    "viewSet": undefined,
  },
  {
    "helpContext": "CBXQViewEdit",
    "idField": undefined,
    "name": "DisposalPreparationDisplay",
    "table": "[table DisposalPreparation]",
    "title": "DisposalPreparationDisplay",
    "type": "display",
    "view": "DisposalPreparation",
    "viewSet": undefined,
  },
  {
    "helpContext": "CBXQViewEdit",
    "idField": undefined,
    "name": "DeterminationDisplay",
    "table": "[table Determination]",
    "title": "DeterminationDisplay",
    "type": "display",
    "view": "Determination",
    "viewSet": undefined,
  },
  {
    "helpContext": "CBXQViewEdit",
    "idField": undefined,
    "name": "DivisionDisplay",
    "table": "[table Division]",
    "title": "DivisionDisplay",
    "type": "display",
    "view": "Division",
    "viewSet": undefined,
  },
  {
    "helpContext": "CBXQViewEdit",
    "idField": undefined,
    "name": "DNAPrimerDisplay",
    "table": "[table DNAPrimer]",
    "title": "DNAPrimerDisplay",
    "type": "display",
    "view": "DNAPrimer",
    "viewSet": undefined,
  },
  {
    "helpContext": "CBXQViewEdit",
    "idField": undefined,
    "name": "ExchangeInPrepDisplay",
    "table": "[table ExchangeInPrep]",
    "title": "ExchangeInPrepDisplay",
    "type": "display",
    "view": "ExchangeInPrep",
    "viewSet": undefined,
  },
  {
    "helpContext": "CBXQViewEdit",
    "idField": undefined,
    "name": "ExsiccataDisplay",
    "table": "[table Exsiccata]",
    "title": "ExsiccataDisplay",
    "type": "display",
    "view": "Exsiccata",
    "viewSet": undefined,
  },
  {
    "helpContext": "CBXQViewEdit",
    "idField": undefined,
    "name": "ExchangeOutPrepDisplay",
    "table": "[table ExchangeOutPrep]",
    "title": "ExchangeOutPrepDisplay",
    "type": "display",
    "view": "ExchangeOutPrep",
    "viewSet": undefined,
  },
  {
    "helpContext": "CBXQViewEdit",
    "idField": undefined,
    "name": "ExtractorDisplay",
    "table": "[table Extractor]",
    "title": "ExtractorDisplay",
    "type": "display",
    "view": "Extractor",
    "viewSet": undefined,
  },
  {
    "helpContext": "CBXQViewEdit",
    "idField": undefined,
    "name": "FieldNotebookPageDisplay",
    "table": "[table FieldNotebookPage]",
    "title": "FieldNotebookPageDisplay",
    "type": "display",
    "view": "FieldNotebookPage",
    "viewSet": undefined,
  },
  {
    "helpContext": "CBXQViewEdit",
    "idField": undefined,
    "name": "FundingAgentDisplay",
    "table": "[table FundingAgent]",
    "title": "FundingAgentDisplay",
    "type": "display",
    "view": "FundingAgent",
    "viewSet": undefined,
  },
  {
    "helpContext": "CBXQViewEdit",
    "idField": undefined,
    "name": "ChronosStratDisplay",
    "table": "[table GeologicTimePeriod]",
    "title": "ChronosStratDisplay",
    "type": "display",
    "view": "ChronosStrat",
    "viewSet": undefined,
  },
  {
    "helpContext": "CBXQViewEdit",
    "idField": undefined,
    "name": "GeographyDisplay",
    "table": "[table Geography]",
    "title": "GeographyDisplay",
    "type": "display",
    "view": "Geography",
    "viewSet": undefined,
  },
  {
    "helpContext": "CBXQViewEdit",
    "idField": undefined,
    "name": "VoucherRelationshipDisplay",
    "table": "[table VoucherRelationship]",
    "title": "VoucherRelationshipDisplay",
    "type": "display",
    "view": "VoucherRelationship",
    "viewSet": undefined,
  },
  {
    "helpContext": "CBXQViewEdit",
    "idField": undefined,
    "name": "GiftAgentDisplay",
    "table": "[table GiftAgent]",
    "title": "GiftAgentDisplay",
    "type": "display",
    "view": "GiftAgent",
    "viewSet": undefined,
  },
  {
    "helpContext": "CBXQViewEdit",
    "idField": undefined,
    "name": "GiftItemsDisplay",
    "table": "[table GiftPreparation]",
    "title": "GiftItemsDisplay",
    "type": "display",
    "view": "GiftItems",
    "viewSet": undefined,
  },
  {
    "helpContext": "CBXQViewEdit",
    "idField": undefined,
    "name": "GroupPersonDisplay",
    "table": "[table GroupPerson]",
    "title": "GroupPersonDisplay",
    "type": "display",
    "view": "GroupPerson",
    "viewSet": undefined,
  },
  {
    "helpContext": "CBXQViewEdit",
    "idField": undefined,
    "name": "JournalDisplay",
    "table": "[table Journal]",
    "title": "JournalDisplay",
    "type": "display",
    "view": "Journal",
    "viewSet": undefined,
  },
  {
    "helpContext": "CBXQViewEdit",
    "idField": undefined,
    "name": "LithoStratDisplay",
    "table": "[table LithoStrat]",
    "title": "LithoStratDisplay",
    "type": "display",
    "view": "LithoStrat",
    "viewSet": undefined,
  },
  {
    "helpContext": "CBXQViewEdit",
    "idField": undefined,
    "name": "DeaccessionDisplay",
    "table": "[table Deaccession]",
    "title": "DeaccessionDisplay",
    "type": "display",
    "view": "DeaccessionDialog",
    "viewSet": undefined,
  },
  {
    "helpContext": "CBXQViewEdit",
    "idField": undefined,
    "name": "LoanItemsDisplay",
    "table": "[table LoanPreparation]",
    "title": "LoanItemsDisplay",
    "type": "display",
    "view": "LoanItems",
    "viewSet": undefined,
  },
  {
    "helpContext": "CBXQViewEdit",
    "idField": undefined,
    "name": "LoanAgentDisplay",
    "table": "[table LoanAgent]",
    "title": "LoanAgentDisplay",
    "type": "display",
    "view": "LoanAgent",
    "viewSet": undefined,
  },
  {
    "helpContext": "CBXQViewEdit",
    "idField": undefined,
    "name": "LocalityDisplay",
    "table": "[table Locality]",
    "title": "LocalityDisplay",
    "type": "display",
    "view": "Locality",
    "viewSet": undefined,
  },
  {
    "helpContext": "CBXQViewEdit",
    "idField": undefined,
    "name": "MorphBankViewDisplay",
    "table": "[table MorphBankView]",
    "title": "MorphBankViewDisplay",
    "type": "display",
    "view": "MorphBankView",
    "viewSet": undefined,
  },
  {
    "helpContext": "CBXQViewEdit",
    "idField": undefined,
    "name": "OtherIdentifierDisplay",
    "table": "[table OtherIdentifier]",
    "title": "OtherIdentifierDisplay",
    "type": "display",
    "view": "OtherIdentifiers",
    "viewSet": undefined,
  },
  {
    "helpContext": "CBXQViewEdit",
    "idField": undefined,
    "name": "PaleoContextDisplay",
    "table": "[table PaleoContext]",
    "title": "PaleoContextDisplay",
    "type": "display",
    "view": "PaleoContext",
    "viewSet": undefined,
  },
  {
    "helpContext": "CBXQViewEdit",
    "idField": undefined,
    "name": "PermitDisplay",
    "table": "[table Permit]",
    "title": "PermitDisplay",
    "type": "display",
    "view": "Permit",
    "viewSet": undefined,
  },
  {
    "helpContext": "CBXQViewEdit",
    "idField": undefined,
    "name": "PreparationDisplay",
    "table": "[table Preparation]",
    "title": "PreparationDisplay",
    "type": "display",
    "view": "Preparation",
    "viewSet": undefined,
  },
  {
    "helpContext": "CBXQViewEdit",
    "idField": undefined,
    "name": "PreparationPropertyDisplay",
    "table": "[table PreparationProperty]",
    "title": "PreparationPropertyDisplay",
    "type": "display",
    "view": "PreparationProperty",
    "viewSet": undefined,
  },
  {
    "helpContext": "CBXQViewEdit",
    "idField": undefined,
    "name": "ProjectSubDisplay",
    "table": "[table Project]",
    "title": "ProjectSubDisplay",
    "type": "display",
    "view": "ProjectSub",
    "viewSet": undefined,
  },
  {
    "helpContext": "CBXQViewEdit",
    "idField": undefined,
    "name": "ReferenceWorkDisplay",
    "table": "[table ReferenceWork]",
    "title": "ReferenceWorkDisplay",
    "type": "display",
    "view": "ReferenceWork",
    "viewSet": undefined,
  },
  {
    "helpContext": "CBXQViewEdit",
    "idField": undefined,
    "name": "RepositoryAgreementDisplay",
    "table": "[table RepositoryAgreement]",
    "title": "RepositoryAgreementDisplay",
    "type": "display",
    "view": "RepositoryAgreement",
    "viewSet": undefined,
  },
  {
    "helpContext": "CBXQViewEdit",
    "idField": undefined,
    "name": "PcrPersonDisplay",
    "table": "[table PcrPerson]",
    "title": "PcrPersonDisplay",
    "type": "display",
    "view": "PcrPerson",
    "viewSet": undefined,
  },
  {
    "helpContext": "CBXQViewEdit",
    "idField": undefined,
    "name": "StorageDisplay",
    "table": "[table Storage]",
    "title": "StorageDisplay",
    "type": "display",
    "view": "Storage",
    "viewSet": undefined,
  },
  {
    "helpContext": "CBXQViewEdit",
    "idField": undefined,
    "name": "TaxonDisplay",
    "table": "[table Taxon]",
    "title": "TaxonDisplay",
    "type": "display",
    "view": "Taxon",
    "viewSet": undefined,
  },
  {
    "helpContext": "CBXQViewEdit",
    "idField": undefined,
    "name": "AccessionAttachmentDisplay",
    "table": "[table AccessionAttachment]",
    "title": "AccessionAttachmentDisplay",
    "type": "display",
    "view": "ObjectAttachment",
    "viewSet": undefined,
  },
  {
    "helpContext": "CBXQViewEdit",
    "idField": undefined,
    "name": "AgentAttachmentDisplay",
    "table": "[table AgentAttachment]",
    "title": "AgentAttachmentDisplay",
    "type": "display",
    "view": "ObjectAttachment",
    "viewSet": undefined,
  },
  {
    "helpContext": "CBXQViewEdit",
    "idField": undefined,
    "name": "BorrowAttachmentDisplay",
    "table": "[table BorrowAttachment]",
    "title": "BorrowAttachmentDisplay",
    "type": "display",
    "view": "ObjectAttachment",
    "viewSet": undefined,
  },
  {
    "helpContext": "CBXQViewEdit",
    "idField": undefined,
    "name": "CollectingEventAttachmentDisplay",
    "table": "[table CollectingEventAttachment]",
    "title": "CollectingEventAttachmentDisplay",
    "type": "display",
    "view": "ObjectAttachment",
    "viewSet": undefined,
  },
  {
    "helpContext": "CBXQViewEdit",
    "idField": undefined,
    "name": "CollectionObjectAttachmentDisplay",
    "table": "[table CollectionObjectAttachment]",
    "title": "CollectionObjectAttachmentDisplay",
    "type": "display",
    "view": "ObjectAttachment",
    "viewSet": undefined,
  },
  {
    "helpContext": "CBXQViewEdit",
    "idField": undefined,
    "name": "ConservDescriptionAttachmentDisplay",
    "table": "[table ConservDescriptionAttachment]",
    "title": "ConservDescriptionAttachmentDisplay",
    "type": "display",
    "view": "ObjectAttachment",
    "viewSet": undefined,
  },
  {
    "helpContext": "CBXQViewEdit",
    "idField": undefined,
    "name": "ConservEventAttachmentDisplay",
    "table": "[table ConservEventAttachment]",
    "title": "ConservEventAttachmentDisplay",
    "type": "display",
    "view": "ObjectAttachment",
    "viewSet": undefined,
  },
  {
    "helpContext": "CBXQViewEdit",
    "idField": undefined,
    "name": "DeaccessionAttachmentDisplay",
    "table": "[table DeaccessionAttachment]",
    "title": "DeaccessionAttachmentDisplay",
    "type": "display",
    "view": "ObjectAttachment",
    "viewSet": undefined,
  },
  {
    "helpContext": "CBXQViewEdit",
    "idField": undefined,
    "name": "DNASequenceAttachmentDisplay",
    "table": "[table DNASequenceAttachment]",
    "title": "DNASequenceAttachmentDisplay",
    "type": "display",
    "view": "ObjectAttachment",
    "viewSet": undefined,
  },
  {
    "helpContext": "CBXQViewEdit",
    "idField": undefined,
    "name": "DNASequencingRunAttachmentDisplay",
    "table": "[table DNASequencingRunAttachment]",
    "title": "DNASequencingRunAttachmentDisplay",
    "type": "display",
    "view": "ObjectAttachment",
    "viewSet": undefined,
  },
  {
    "helpContext": "CBXQViewEdit",
    "idField": undefined,
    "name": "FieldNotebookAttachmentDisplay",
    "table": "[table FieldNotebookAttachment]",
    "title": "FieldNotebookAttachmentDisplay",
    "type": "display",
    "view": "ObjectAttachment",
    "viewSet": undefined,
  },
  {
    "helpContext": "CBXQViewEdit",
    "idField": undefined,
    "name": "FieldNotebookPageAttachmentDisplay",
    "table": "[table FieldNotebookPageAttachment]",
    "title": "FieldNotebookPageAttachmentDisplay",
    "type": "display",
    "view": "ObjectAttachment",
    "viewSet": undefined,
  },
  {
    "helpContext": "CBXQViewEdit",
    "idField": undefined,
    "name": "FieldNotebookPageSetAttachmentDisplay",
    "table": "[table FieldNotebookPageSetAttachment]",
    "title": "FieldNotebookPageSetAttachmentDisplay",
    "type": "display",
    "view": "ObjectAttachment",
    "viewSet": undefined,
  },
  {
    "helpContext": "CBXQViewEdit",
    "idField": undefined,
    "name": "GiftAttachmentDisplay",
    "table": "[table GiftAttachment]",
    "title": "GiftAttachmentDisplay",
    "type": "display",
    "view": "ObjectAttachment",
    "viewSet": undefined,
  },
  {
    "helpContext": "CBXQViewEdit",
    "idField": undefined,
    "name": "LoanAttachmentDisplay",
    "table": "[table LoanAttachment]",
    "title": "LoanAttachmentDisplay",
    "type": "display",
    "view": "ObjectAttachment",
    "viewSet": undefined,
  },
  {
    "helpContext": "CBXQViewEdit",
    "idField": undefined,
    "name": "LocalityAttachmentDisplay",
    "table": "[table LocalityAttachment]",
    "title": "LocalityAttachmentDisplay",
    "type": "display",
    "view": "ObjectAttachment",
    "viewSet": undefined,
  },
  {
    "helpContext": "CBXQViewEdit",
    "idField": undefined,
    "name": "PermitAttachmentDisplay",
    "table": "[table PermitAttachment]",
    "title": "PermitAttachmentDisplay",
    "type": "display",
    "view": "ObjectAttachment",
    "viewSet": undefined,
  },
  {
    "helpContext": "CBXQViewEdit",
    "idField": undefined,
    "name": "PreparationAttachmentDisplay",
    "table": "[table PreparationAttachment]",
    "title": "PreparationAttachmentDisplay",
    "type": "display",
    "view": "ObjectAttachment",
    "viewSet": undefined,
  },
  {
    "helpContext": "CBXQViewEdit",
    "idField": undefined,
    "name": "ReferenceWorkAttachmentDisplay",
    "table": "[table ReferenceWorkAttachment]",
    "title": "ReferenceWorkAttachmentDisplay",
    "type": "display",
    "view": "ObjectAttachment",
    "viewSet": undefined,
  },
  {
    "helpContext": "CBXQViewEdit",
    "idField": undefined,
    "name": "RepositoryAgreementAttachmentDisplay",
    "table": "[table RepositoryAgreementAttachment]",
    "title": "RepositoryAgreementAttachmentDisplay",
    "type": "display",
    "view": "ObjectAttachment",
    "viewSet": undefined,
  },
  {
    "helpContext": "CBXQViewEdit",
    "idField": undefined,
    "name": "StorageAttachmentDisplay",
    "table": "[table StorageAttachment]",
    "title": "StorageAttachmentDisplay",
    "type": "display",
    "view": "ObjectAttachment",
    "viewSet": undefined,
  },
  {
    "helpContext": "CBXQViewEdit",
    "idField": undefined,
    "name": "TaxonAttachmentDisplay",
    "table": "[table TaxonAttachment]",
    "title": "TaxonAttachmentDisplay",
    "type": "display",
    "view": "ObjectAttachment",
    "viewSet": undefined,
  },
  {
    "helpContext": "CBXQViewEdit",
    "idField": undefined,
    "name": "TreatmentEventAttachmentDisplay",
    "table": "[table TreatmentEventAttachment]",
    "title": "TreatmentEventAttachmentDisplay",
    "type": "display",
    "view": "ObjectAttachment",
    "viewSet": undefined,
  },
  {
    "helpContext": "CBXQViewEdit",
    "idField": undefined,
    "name": "FishBase",
    "table": undefined,
    "title": "FishBase",
    "type": "display",
    "view": "FishBase",
    "viewSet": "Fish Views",
  },
]
`;
