// Jest Snapshot v1, https://goo.gl/fbAQLP

exports[`Test formatter fetching 1`] = `
{
  "aggregators": [
    {
      "className": "edu.ku.brc.specify.datamodel.AccessionAgent",
      "format": "AccessionAgent",
      "isDefault": true,
      "name": "AccessionAgent",
      "separator": "; ",
      "title": "AccessionAgent",
    },
    {
      "className": "edu.ku.brc.specify.datamodel.AccessionAttachment",
      "format": "identity",
      "isDefault": true,
      "name": "AccessionAttachment",
      "separator": "; ",
      "title": "AccessionAttachment",
    },
    {
      "className": "edu.ku.brc.specify.datamodel.AccessionAuthorization",
      "format": "AccessionAuthorization",
      "isDefault": true,
      "name": "AccessionAuthorization",
      "separator": "; ",
      "title": "AccessionAuthorization",
    },
    {
      "className": "edu.ku.brc.specify.datamodel.Address",
      "format": "Address",
      "isDefault": true,
      "name": "Address",
      "separator": "; ",
      "title": "Address",
    },
    {
      "className": "edu.ku.brc.specify.datamodel.AgentAttachment",
      "format": "identity",
      "isDefault": true,
      "name": "AgentAttachment",
      "separator": "; ",
      "title": "AgentAttachment",
    },
    {
      "className": "edu.ku.brc.specify.datamodel.Author",
      "format": "Author",
      "isDefault": true,
      "name": "Author",
      "separator": "; ",
      "title": "Author",
    },
    {
      "className": "edu.ku.brc.specify.datamodel.BorrowAttachment",
      "format": "identity",
      "isDefault": true,
      "name": "BorrowAttachment",
      "separator": "; ",
      "title": "BorrowAttachment",
    },
    {
      "className": "edu.ku.brc.specify.datamodel.CollectionObjectCitation",
      "format": "Citation",
      "isDefault": true,
      "name": "Citation",
      "separator": " | ",
      "title": "Citation",
    },
    {
      "className": "edu.ku.brc.specify.datamodel.CollectingEventAttachment",
      "format": "identity",
      "isDefault": true,
      "name": "CollectingEventAttachment",
      "separator": "; ",
      "title": "CollectingEventAttachment",
    },
    {
      "className": "edu.ku.brc.specify.datamodel.CollectionObject",
      "format": "CollectionObject",
      "isDefault": true,
      "name": "CollectionObject",
      "separator": "; ",
      "title": "CollectionObject",
    },
    {
      "className": "edu.ku.brc.specify.datamodel.CollectionObjectAttachment",
      "format": "COattachment",
      "isDefault": true,
      "name": "CollectionObjectAttachment",
      "separator": " | ",
      "title": "CollectionObjectAttachment",
    },
    {
      "className": "edu.ku.brc.specify.datamodel.Collector",
      "format": "Collector",
      "isDefault": true,
      "name": "Collector",
      "separator": "; ",
      "title": "Collector",
    },
    {
      "className": "edu.ku.brc.specify.datamodel.ConservDescriptionAttachment",
      "format": "identity",
      "isDefault": true,
      "name": "ConservDescriptionAttachment",
      "separator": "; ",
      "title": "ConservDescriptionAttachment",
    },
    {
      "className": "edu.ku.brc.specify.datamodel.ConservEventAttachment",
      "format": "identity",
      "isDefault": true,
      "name": "ConservEventAttachment",
      "separator": "; ",
      "title": "ConservEventAttachment",
    },
    {
      "className": "edu.ku.brc.specify.datamodel.DNASequenceAttachment",
      "format": "identity",
      "isDefault": true,
      "name": "DNASequenceAttachment",
      "separator": "; ",
      "title": "DNASequenceAttachment",
    },
    {
      "className": "edu.ku.brc.specify.datamodel.DNASequencingRunAttachment",
      "format": "identity",
      "isDefault": true,
      "name": "DNASequencingRunAttachment",
      "separator": "; ",
      "title": "DNASequencingRunAttachment",
    },
    {
      "className": "edu.ku.brc.specify.datamodel.DNASequence",
      "format": "DNAsequence",
      "isDefault": true,
      "name": "DNAsequence",
      "separator": "| ",
      "title": "DNAsequence",
    },
    {
      "className": "edu.ku.brc.specify.datamodel.Determination",
      "format": "Determination",
      "isDefault": true,
      "name": "Determination",
      "separator": "; ",
      "title": "Determination",
    },
    {
      "className": "edu.ku.brc.specify.datamodel.FieldNotebookAttachment",
      "format": "identity",
      "isDefault": true,
      "name": "FieldNotebookAttachment",
      "separator": "; ",
      "title": "FieldNotebookAttachment",
    },
    {
      "className": "edu.ku.brc.specify.datamodel.FieldNotebookPageAttachment",
      "format": "identity",
      "isDefault": true,
      "name": "FieldNotebookPageAttachment",
      "separator": "; ",
      "title": "FieldNotebookPageAttachment",
    },
    {
      "className": "edu.ku.brc.specify.datamodel.FieldNotebookPageSetAttachment",
      "format": "identity",
      "isDefault": true,
      "name": "FieldNotebookPageSetAttachment",
      "separator": "; ",
      "title": "FieldNotebookPageSetAttachment",
    },
    {
      "className": "edu.ku.brc.specify.datamodel.FundingAgent",
      "format": "FundingAgent",
      "isDefault": true,
      "name": "FundingAgent",
      "separator": "; ",
      "title": "FundingAgent",
    },
    {
      "className": "edu.ku.brc.specify.datamodel.GiftAttachment",
      "format": "LoanAgent",
      "isDefault": true,
      "name": "GiftAttachment",
      "separator": "; ",
      "title": "GiftAttachment",
    },
    {
      "className": "edu.ku.brc.specify.datamodel.LoanAgent",
      "format": "LoanAgent",
      "isDefault": true,
      "name": "LoanAgent",
      "separator": "; ",
      "title": "LoanAgent",
    },
    {
      "className": "edu.ku.brc.specify.datamodel.LoanAttachment",
      "format": "identity",
      "isDefault": true,
      "name": "LoanAttachment",
      "separator": "; ",
      "title": "LoanAttachment",
    },
    {
      "className": "edu.ku.brc.specify.datamodel.LoanPreparation",
      "format": "LoanPreparation",
      "isDefault": true,
      "name": "LoanPrep",
      "separator": "; ",
      "title": "LoanPrep",
    },
    {
      "className": "edu.ku.brc.specify.datamodel.LoanReturnPreparation",
      "format": "LoanReturnPreparation",
      "isDefault": true,
      "name": "LoanReturnPrep",
      "separator": "; ",
      "title": "Loan Return Prep",
    },
    {
      "className": "edu.ku.brc.specify.datamodel.LocalityAttachment",
      "format": "identity",
      "isDefault": true,
      "name": "LocalityAttachment",
      "separator": "; ",
      "title": "LocalityAttachment",
    },
    {
      "className": "edu.ku.brc.specify.datamodel.PermitAttachment",
      "format": "identity",
      "isDefault": true,
      "name": "PermitAttachment",
      "separator": "; ",
      "title": "PermitAttachment",
    },
    {
      "className": "edu.ku.brc.specify.datamodel.Preparation",
      "format": "Preparation",
      "isDefault": true,
      "name": "Preparation",
      "separator": "; ",
      "title": "Preparation",
    },
    {
      "className": "edu.ku.brc.specify.datamodel.PreparationAttachment",
      "format": "identity",
      "isDefault": true,
      "name": "PreparationAttachment",
      "separator": "; ",
      "title": "PreparationAttachment",
    },
    {
      "className": "edu.ku.brc.specify.datamodel.ReferenceWorkAttachment",
      "format": "identity",
      "isDefault": true,
      "name": "ReferenceWorkAttachment",
      "separator": "; ",
      "title": "ReferenceWorkAttachment",
    },
    {
      "className": "edu.ku.brc.specify.datamodel.RepositoryAgreementAttachment",
      "format": "identity",
      "isDefault": true,
      "name": "RepositoryAgreementAttachment",
      "separator": "; ",
      "title": "RepositoryAgreementAttachment",
    },
    {
      "className": "edu.ku.brc.specify.datamodel.TaxonAttachment",
      "format": "identity",
      "isDefault": true,
      "name": "TaxonAttachment",
      "separator": "; ",
      "title": "TaxonAttachment",
    },
    {
      "className": "edu.ku.brc.specify.datamodel.VoucherRelationship",
      "format": "Voucher relationship",
      "isDefault": true,
      "name": "Voucher Relationship",
      "separator": ";",
      "title": "VoucherRelationship",
    },
  ],
  "formatters": [
    {
      "className": "edu.ku.brc.specify.datamodel.Accession",
      "fields": [
        {
          "fields": [
            {
              "fieldFormatter": undefined,
              "fieldName": "accessionNumber",
              "formatter": "",
              "separator": "",
            },
          ],
          "value": undefined,
        },
      ],
      "isDefault": true,
      "name": "Accession",
      "switchFieldName": undefined,
      "title": "Accession",
    },
    {
      "className": "edu.ku.brc.specify.datamodel.AccessionAgent",
      "fields": [
        {
          "fields": [
            {
              "fieldFormatter": undefined,
              "fieldName": "agent",
              "formatter": "Agent",
              "separator": "",
            },
            {
              "fieldFormatter": undefined,
              "fieldName": "role",
              "formatter": "",
              "separator": " - ",
            },
          ],
          "value": undefined,
        },
      ],
      "isDefault": true,
      "name": "AccessionAgent",
      "switchFieldName": undefined,
      "title": "AccessionAgent",
    },
    {
      "className": "edu.ku.brc.specify.datamodel.AccessionAuthorization",
      "fields": [
        {
          "fields": [
            {
              "fieldFormatter": undefined,
              "fieldName": "accession.accessionNumber",
              "formatter": "",
              "separator": "",
            },
          ],
          "value": undefined,
        },
      ],
      "isDefault": true,
      "name": "AccessionAuthorization",
      "switchFieldName": undefined,
      "title": "AccessionAuthorization",
    },
    {
      "className": "edu.ku.brc.specify.datamodel.Address",
      "fields": [
        {
          "fields": [
            {
              "fieldFormatter": undefined,
              "fieldName": "address",
              "formatter": "",
              "separator": "",
            },
            {
              "fieldFormatter": undefined,
              "fieldName": "address2",
              "formatter": "",
              "separator": " ",
            },
            {
              "fieldFormatter": undefined,
              "fieldName": "city",
              "formatter": "",
              "separator": ", ",
            },
            {
              "fieldFormatter": undefined,
              "fieldName": "state",
              "formatter": "",
              "separator": ", ",
            },
            {
              "fieldFormatter": undefined,
              "fieldName": "postalCode",
              "formatter": "",
              "separator": " ",
            },
          ],
          "value": undefined,
        },
      ],
      "isDefault": true,
      "name": "Address",
      "switchFieldName": undefined,
      "title": "Address",
    },
    {
      "className": "edu.ku.brc.specify.datamodel.Agent",
      "fields": [
        {
          "fields": [
            {
              "fieldFormatter": undefined,
              "fieldName": "lastName",
              "formatter": "",
              "separator": "",
            },
          ],
          "value": "0",
        },
        {
          "fields": [
            {
              "fieldFormatter": undefined,
              "fieldName": "lastName",
              "formatter": "",
              "separator": "",
            },
            {
              "fieldFormatter": undefined,
              "fieldName": "firstName",
              "formatter": "",
              "separator": ", ",
            },
            {
              "fieldFormatter": undefined,
              "fieldName": "middleInitial",
              "formatter": "",
              "separator": " ",
            },
          ],
          "value": "1",
        },
        {
          "fields": [
            {
              "fieldFormatter": undefined,
              "fieldName": "lastName",
              "formatter": "",
              "separator": "",
            },
          ],
          "value": "2",
        },
        {
          "fields": [
            {
              "fieldFormatter": undefined,
              "fieldName": "lastName",
              "formatter": "",
              "separator": "",
            },
          ],
          "value": "3",
        },
      ],
      "isDefault": true,
      "name": "Agent",
      "switchFieldName": "agentType",
      "title": "Agent",
    },
    {
      "className": "edu.ku.brc.specify.datamodel.Attachment",
      "fields": [
        {
          "fields": [
            {
              "fieldFormatter": undefined,
              "fieldName": "attachmentLocation",
              "formatter": "",
              "separator": "http://biimages.biodiversity.ku.edu/static/Ichthyology/originals/",
            },
          ],
          "value": undefined,
        },
      ],
      "isDefault": true,
      "name": "Attachment",
      "switchFieldName": undefined,
      "title": "Attachment",
    },
    {
      "className": "edu.ku.brc.specify.datamodel.Author",
      "fields": [
        {
          "fields": [
            {
              "fieldFormatter": undefined,
              "fieldName": "agent",
              "formatter": "Agent",
              "separator": "",
            },
          ],
          "value": undefined,
        },
      ],
      "isDefault": true,
      "name": "Author",
      "switchFieldName": undefined,
      "title": "Author",
    },
    {
      "className": "edu.ku.brc.specify.datamodel.AutoNumberingScheme",
      "fields": [
        {
          "fields": [
            {
              "fieldFormatter": undefined,
              "fieldName": "schemeName",
              "formatter": "",
              "separator": "",
            },
          ],
          "value": undefined,
        },
      ],
      "isDefault": true,
      "name": "AutoNumberingScheme",
      "switchFieldName": undefined,
      "title": "AutoNumberingScheme",
    },
    {
      "className": "edu.ku.brc.specify.datamodel.Borrow",
      "fields": [
        {
          "fields": [
            {
              "fieldFormatter": undefined,
              "fieldName": "receivedDate",
              "formatter": "",
              "separator": "",
            },
          ],
          "value": undefined,
        },
      ],
      "isDefault": true,
      "name": "Borrow",
      "switchFieldName": undefined,
      "title": "Borrow",
    },
    {
      "className": "edu.ku.brc.specify.datamodel.CollectionObjectAttachment",
      "fields": [
        {
          "fields": [
            {
              "fieldFormatter": undefined,
              "fieldName": "attachment.attachmentLocation",
              "formatter": "",
              "separator": "http://biimages.biodiversity.ku.edu/static/Ichthyology/originals/",
            },
          ],
          "value": undefined,
        },
      ],
      "isDefault": true,
      "name": "COattachment",
      "switchFieldName": undefined,
      "title": "COattachment",
    },
    {
      "className": "edu.ku.brc.specify.datamodel.CollectionObjectCitation",
      "fields": [
        {
          "fields": [
            {
              "fieldFormatter": undefined,
              "fieldName": "referenceWork.url",
              "formatter": "",
              "separator": "",
            },
          ],
          "value": undefined,
        },
      ],
      "isDefault": true,
      "name": "Citation",
      "switchFieldName": undefined,
      "title": "Citation",
    },
    {
      "className": "edu.ku.brc.specify.datamodel.CollectingEvent",
      "fields": [
        {
          "fields": [
            {
              "fieldFormatter": undefined,
              "fieldName": "stationFieldNumber",
              "formatter": "",
              "separator": "",
            },
            {
              "fieldFormatter": undefined,
              "fieldName": "startDate",
              "formatter": "",
              "separator": ": ",
            },
            {
              "fieldFormatter": undefined,
              "fieldName": "locality.geography.fullName",
              "formatter": "",
              "separator": ": ",
            },
            {
              "fieldFormatter": undefined,
              "fieldName": "locality.localityName",
              "formatter": "",
              "separator": ": ",
            },
            {
              "fieldFormatter": undefined,
              "fieldName": "locality.latitude1",
              "formatter": "",
              "separator": ": ",
            },
            {
              "fieldFormatter": undefined,
              "fieldName": "locality.longitude1",
              "formatter": "",
              "separator": ": ",
            },
          ],
          "value": undefined,
        },
      ],
      "isDefault": false,
      "name": "CollectingEvent",
      "switchFieldName": undefined,
      "title": "CollectingEvent",
    },
    {
      "className": "edu.ku.brc.specify.datamodel.CollectingEvent",
      "fields": [
        {
          "fields": [
            {
              "fieldFormatter": undefined,
              "fieldName": "stationFieldNumber",
              "formatter": "",
              "separator": "",
            },
            {
              "fieldFormatter": undefined,
              "fieldName": "startDate",
              "formatter": "",
              "separator": ", ",
            },
          ],
          "value": undefined,
        },
      ],
      "isDefault": false,
      "name": "CollectingEventSFN",
      "switchFieldName": undefined,
      "title": "CollectingEventSFN",
    },
    {
      "className": "edu.ku.brc.specify.datamodel.CollectingTrip",
      "fields": [
        {
          "fields": [
            {
              "fieldFormatter": undefined,
              "fieldName": "text1",
              "formatter": "",
              "separator": "",
            },
            {
              "fieldFormatter": undefined,
              "fieldName": "text2",
              "formatter": "",
              "separator": ": ",
            },
            {
              "fieldFormatter": undefined,
              "fieldName": "number1",
              "formatter": "",
              "separator": ": ",
            },
          ],
          "value": undefined,
        },
      ],
      "isDefault": true,
      "name": "CollectingTrip",
      "switchFieldName": undefined,
      "title": "CollectingTrip",
    },
    {
      "className": "edu.ku.brc.specify.datamodel.Collection",
      "fields": [
        {
          "fields": [
            {
              "fieldFormatter": undefined,
              "fieldName": "collectionName",
              "formatter": "",
              "separator": "",
            },
          ],
          "value": undefined,
        },
      ],
      "isDefault": true,
      "name": "Collection",
      "switchFieldName": undefined,
      "title": "Collection",
    },
    {
      "className": "edu.ku.brc.specify.datamodel.CollectionObject",
      "fields": [
        {
          "fields": [
            {
              "fieldFormatter": undefined,
              "fieldName": "catalogNumber",
              "formatter": "",
              "separator": "",
            },
          ],
          "value": undefined,
        },
      ],
      "isDefault": true,
      "name": "CollectionObject",
      "switchFieldName": undefined,
      "title": "CollectionObject",
    },
    {
      "className": "edu.ku.brc.specify.datamodel.CollectionRelType",
      "fields": [
        {
          "fields": [
            {
              "fieldFormatter": undefined,
              "fieldName": "name",
              "formatter": "",
              "separator": "",
            },
          ],
          "value": undefined,
        },
      ],
      "isDefault": true,
      "name": "CollectionRelType",
      "switchFieldName": undefined,
      "title": "CollectionRelType",
    },
    {
      "className": "edu.ku.brc.specify.datamodel.Collector",
      "fields": [
        {
          "fields": [
            {
              "fieldFormatter": undefined,
              "fieldName": "agent",
              "formatter": "Agent",
              "separator": "",
            },
          ],
          "value": undefined,
        },
      ],
      "isDefault": true,
      "name": "Collector",
      "switchFieldName": undefined,
      "title": "Collector",
    },
    {
      "className": "edu.ku.brc.specify.datamodel.Container",
      "fields": [
        {
          "fields": [
            {
              "fieldFormatter": undefined,
              "fieldName": "name",
              "formatter": "",
              "separator": "",
            },
          ],
          "value": undefined,
        },
      ],
      "isDefault": true,
      "name": "Container",
      "switchFieldName": undefined,
      "title": "Container",
    },
    {
      "className": "edu.ku.brc.specify.datamodel.DNAPrimer",
      "fields": [
        {
          "fields": [
            {
              "fieldFormatter": undefined,
              "fieldName": "primerDesignator",
              "formatter": "",
              "separator": "",
            },
          ],
          "value": undefined,
        },
      ],
      "isDefault": true,
      "name": "DNAPrimer",
      "switchFieldName": undefined,
      "title": "DNAPrimer",
    },
    {
      "className": "edu.ku.brc.specify.datamodel.DNASequence",
      "fields": [
        {
          "fields": [
            {
              "fieldFormatter": undefined,
              "fieldName": "text2",
              "formatter": "",
              "separator": "https://www.ncbi.nlm.nih.gov/nuccore/",
            },
          ],
          "value": undefined,
        },
      ],
      "isDefault": true,
      "name": "DNAsequence",
      "switchFieldName": undefined,
      "title": "DNAsequence",
    },
    {
      "className": "edu.ku.brc.specify.datamodel.DataType",
      "fields": [
        {
          "fields": [
            {
              "fieldFormatter": undefined,
              "fieldName": "name",
              "formatter": "",
              "separator": "",
            },
          ],
          "value": undefined,
        },
      ],
      "isDefault": true,
      "name": "DataType",
      "switchFieldName": undefined,
      "title": "DataType",
    },
    {
      "className": "edu.ku.brc.specify.datamodel.Deaccession",
      "fields": [
        {
          "fields": [
            {
              "fieldFormatter": undefined,
              "fieldName": "deaccessionNumber",
              "formatter": "",
              "separator": "",
            },
          ],
          "value": undefined,
        },
      ],
      "isDefault": true,
      "name": "Deaccession",
      "switchFieldName": undefined,
      "title": "Deaccession",
    },
    {
      "className": "edu.ku.brc.specify.datamodel.Determination",
      "fields": [
        {
          "fields": [
            {
              "fieldFormatter": undefined,
              "fieldName": "preferredTaxon.fullName",
              "formatter": "",
              "separator": "",
            },
          ],
          "value": "true",
        },
        {
          "fields": [
            {
              "fieldFormatter": undefined,
              "fieldName": "taxon.fullName",
              "formatter": "",
              "separator": "",
            },
          ],
          "value": "false",
        },
      ],
      "isDefault": true,
      "name": "Determination",
      "switchFieldName": "isCurrent",
      "title": "Determination",
    },
    {
      "className": "edu.ku.brc.specify.datamodel.Discipline",
      "fields": [
        {
          "fields": [
            {
              "fieldFormatter": undefined,
              "fieldName": "name",
              "formatter": "",
              "separator": "",
            },
          ],
          "value": undefined,
        },
      ],
      "isDefault": true,
      "name": "Discipline",
      "switchFieldName": undefined,
      "title": "Discipline",
    },
    {
      "className": "edu.ku.brc.specify.datamodel.Division",
      "fields": [
        {
          "fields": [
            {
              "fieldFormatter": undefined,
              "fieldName": "name",
              "formatter": "",
              "separator": "",
            },
          ],
          "value": undefined,
        },
      ],
      "isDefault": true,
      "name": "Division",
      "switchFieldName": undefined,
      "title": "Division",
    },
    {
      "className": "edu.ku.brc.specify.datamodel.FieldNotebookPage",
      "fields": [
        {
          "fields": [
            {
              "fieldFormatter": undefined,
              "fieldName": "pageNumber",
              "formatter": "",
              "separator": "",
            },
            {
              "fieldFormatter": undefined,
              "fieldName": "pageSet.fieldNotebook.name",
              "formatter": "",
              "separator": " - ",
            },
          ],
          "value": undefined,
        },
      ],
      "isDefault": true,
      "name": "FieldNotebookPage",
      "switchFieldName": undefined,
      "title": "FieldNotebookPage",
    },
    {
      "className": "edu.ku.brc.specify.datamodel.FundingAgent",
      "fields": [
        {
          "fields": [
            {
              "fieldFormatter": undefined,
              "fieldName": "agent",
              "formatter": "Agent",
              "separator": "",
            },
          ],
          "value": undefined,
        },
      ],
      "isDefault": true,
      "name": "FundingAgent",
      "switchFieldName": undefined,
      "title": "FundingAgent",
    },
    {
      "className": "edu.ku.brc.specify.datamodel.Geography",
      "fields": [
        {
          "fields": [
            {
              "fieldFormatter": undefined,
              "fieldName": "fullName",
              "formatter": "",
              "separator": "",
            },
          ],
          "value": undefined,
        },
      ],
      "isDefault": true,
      "name": "Geography",
      "switchFieldName": undefined,
      "title": "Geography",
    },
    {
      "className": "edu.ku.brc.specify.datamodel.GeographyTreeDef",
      "fields": [
        {
          "fields": [
            {
              "fieldFormatter": undefined,
              "fieldName": "name",
              "formatter": "",
              "separator": "",
            },
          ],
          "value": undefined,
        },
      ],
      "isDefault": true,
      "name": "GeographyTreeDef",
      "switchFieldName": undefined,
      "title": "GeographyTreeDef",
    },
    {
      "className": "edu.ku.brc.specify.datamodel.GeographyTreeDefItem",
      "fields": [
        {
          "fields": [
            {
              "fieldFormatter": undefined,
              "fieldName": "name",
              "formatter": "",
              "separator": "",
            },
          ],
          "value": undefined,
        },
      ],
      "isDefault": true,
      "name": "GeographyTreeDefItem",
      "switchFieldName": undefined,
      "title": "GeographyTreeDefItem",
    },
    {
      "className": "edu.ku.brc.specify.datamodel.GeologicTimePeriod",
      "fields": [
        {
          "fields": [
            {
              "fieldFormatter": undefined,
              "fieldName": "fullName",
              "formatter": "",
              "separator": "",
            },
          ],
          "value": undefined,
        },
      ],
      "isDefault": true,
      "name": "GeologicTimePeriod",
      "switchFieldName": undefined,
      "title": "GeologicTimePeriod",
    },
    {
      "className": "edu.ku.brc.specify.datamodel.GeologicTimePeriodTreeDef",
      "fields": [
        {
          "fields": [
            {
              "fieldFormatter": undefined,
              "fieldName": "name",
              "formatter": "",
              "separator": "",
            },
          ],
          "value": undefined,
        },
      ],
      "isDefault": true,
      "name": "GeologicTimePeriodTreeDef",
      "switchFieldName": undefined,
      "title": "GeologicTimePeriodTreeDef",
    },
    {
      "className": "edu.ku.brc.specify.datamodel.Journal",
      "fields": [
        {
          "fields": [
            {
              "fieldFormatter": undefined,
              "fieldName": "journalName",
              "formatter": "",
              "separator": "",
            },
          ],
          "value": undefined,
        },
      ],
      "isDefault": true,
      "name": "Journal",
      "switchFieldName": undefined,
      "title": "Journal",
    },
    {
      "className": "edu.ku.brc.specify.datamodel.LithoStrat",
      "fields": [
        {
          "fields": [
            {
              "fieldFormatter": undefined,
              "fieldName": "fullName",
              "formatter": "",
              "separator": "",
            },
          ],
          "value": undefined,
        },
      ],
      "isDefault": true,
      "name": "LithoStrat",
      "switchFieldName": undefined,
      "title": "LithoStrat",
    },
    {
      "className": "edu.ku.brc.specify.datamodel.LithoStratTreeDef",
      "fields": [
        {
          "fields": [
            {
              "fieldFormatter": undefined,
              "fieldName": "name",
              "formatter": "",
              "separator": "",
            },
          ],
          "value": undefined,
        },
      ],
      "isDefault": true,
      "name": "LithoStratTreeDef",
      "switchFieldName": undefined,
      "title": "LithoStratTreeDef",
    },
    {
      "className": "edu.ku.brc.specify.datamodel.LithoStratTreeDefItem",
      "fields": [
        {
          "fields": [
            {
              "fieldFormatter": undefined,
              "fieldName": "name",
              "formatter": "",
              "separator": "",
            },
          ],
          "value": undefined,
        },
      ],
      "isDefault": true,
      "name": "LithoStratTreeDefItem",
      "switchFieldName": undefined,
      "title": "LithoStratTreeDefItem",
    },
    {
      "className": "edu.ku.brc.specify.datamodel.Loan",
      "fields": [
        {
          "fields": [
            {
              "fieldFormatter": undefined,
              "fieldName": "loanNumber",
              "formatter": "",
              "separator": "",
            },
          ],
          "value": undefined,
        },
      ],
      "isDefault": true,
      "name": "Loan",
      "switchFieldName": undefined,
      "title": "Loan",
    },
    {
      "className": "edu.ku.brc.specify.datamodel.LoanAgent",
      "fields": [
        {
          "fields": [
            {
              "fieldFormatter": undefined,
              "fieldName": "agent",
              "formatter": "Agent",
              "separator": "",
            },
            {
              "fieldFormatter": undefined,
              "fieldName": "role",
              "formatter": "",
              "separator": " - ",
            },
          ],
          "value": undefined,
        },
      ],
      "isDefault": true,
      "name": "LoanAgent",
      "switchFieldName": undefined,
      "title": "LoanAgent",
    },
    {
      "className": "edu.ku.brc.specify.datamodel.LoanReturnPreparation",
      "fields": [
        {
          "fields": [
            {
              "fieldFormatter": undefined,
              "fieldName": "loanPreparation.preparation.prepType",
              "formatter": "PrepType",
              "separator": "",
            },
            {
              "fieldFormatter": "%d",
              "fieldName": "quantityResolved",
              "formatter": "",
              "separator": " - ",
            },
          ],
          "value": undefined,
        },
      ],
      "isDefault": true,
      "name": "LoanReturnPreparation",
      "switchFieldName": undefined,
      "title": "LoanReturnPreparation",
    },
    {
      "className": "edu.ku.brc.specify.datamodel.Locality",
      "fields": [
        {
          "fields": [
            {
              "fieldFormatter": undefined,
              "fieldName": "localityName",
              "formatter": "",
              "separator": "",
            },
            {
              "fieldFormatter": undefined,
              "fieldName": "geography.fullName",
              "formatter": "",
              "separator": "; ",
            },
            {
              "fieldFormatter": undefined,
              "fieldName": "latitude1",
              "formatter": "",
              "separator": "; ",
            },
            {
              "fieldFormatter": undefined,
              "fieldName": "longitude1",
              "formatter": "",
              "separator": ", ",
            },
          ],
          "value": undefined,
        },
      ],
      "isDefault": true,
      "name": "Locality",
      "switchFieldName": undefined,
      "title": "Locality",
    },
    {
      "className": "edu.ku.brc.specify.datamodel.PaleoContext",
      "fields": [
        {
          "fields": [
            {
              "fieldFormatter": undefined,
              "fieldName": "paleoContextName",
              "formatter": "",
              "separator": "",
            },
            {
              "fieldFormatter": undefined,
              "fieldName": "chronosStrat.fullName",
              "formatter": "",
              "separator": ", ",
            },
            {
              "fieldFormatter": undefined,
              "fieldName": "lithoStrat.fullName",
              "formatter": "",
              "separator": ", ",
            },
          ],
          "value": undefined,
        },
      ],
      "isDefault": true,
      "name": "PaleoContext",
      "switchFieldName": undefined,
      "title": "PaleoContext",
    },
    {
      "className": "edu.ku.brc.specify.datamodel.Permit",
      "fields": [
        {
          "fields": [
            {
              "fieldFormatter": undefined,
              "fieldName": "permitNumber",
              "formatter": "",
              "separator": "",
            },
          ],
          "value": undefined,
        },
      ],
      "isDefault": true,
      "name": "Permit",
      "switchFieldName": undefined,
      "title": "Permit",
    },
    {
      "className": "edu.ku.brc.specify.datamodel.PrepType",
      "fields": [
        {
          "fields": [
            {
              "fieldFormatter": undefined,
              "fieldName": "name",
              "formatter": "",
              "separator": "",
            },
          ],
          "value": undefined,
        },
      ],
      "isDefault": true,
      "name": "PrepType",
      "switchFieldName": undefined,
      "title": "PrepType",
    },
    {
      "className": "edu.ku.brc.specify.datamodel.Preparation",
      "fields": [
        {
          "fields": [
            {
              "fieldFormatter": undefined,
              "fieldName": "prepType",
              "formatter": "PrepType",
              "separator": "",
            },
            {
              "fieldFormatter": undefined,
              "fieldName": "countAmt",
              "formatter": "",
              "separator": " - ",
            },
          ],
          "value": undefined,
        },
      ],
      "isDefault": true,
      "name": "Preparation",
      "switchFieldName": undefined,
      "title": "Preparation",
    },
    {
      "className": "edu.ku.brc.specify.datamodel.ReferenceWork",
      "fields": [
        {
          "fields": [
            {
              "fieldFormatter": undefined,
              "fieldName": "title",
              "formatter": "",
              "separator": "",
            },
          ],
          "value": undefined,
        },
      ],
      "isDefault": true,
      "name": "ReferenceWork",
      "switchFieldName": undefined,
      "title": "ReferenceWork",
    },
    {
      "className": "edu.ku.brc.specify.datamodel.Shipment",
      "fields": [
        {
          "fields": [
            {
              "fieldFormatter": undefined,
              "fieldName": "shipmentDate",
              "formatter": "",
              "separator": "",
            },
            {
              "fieldFormatter": undefined,
              "fieldName": "shipmentNumber",
              "formatter": "",
              "separator": " - ",
            },
            {
              "fieldFormatter": undefined,
              "fieldName": "shipmentMethod",
              "formatter": "",
              "separator": " - ",
            },
          ],
          "value": undefined,
        },
      ],
      "isDefault": true,
      "name": "Shipment",
      "switchFieldName": undefined,
      "title": "Shipment",
    },
    {
      "className": "edu.ku.brc.specify.datamodel.Storage",
      "fields": [
        {
          "fields": [
            {
              "fieldFormatter": undefined,
              "fieldName": "fullName",
              "formatter": "",
              "separator": "",
            },
          ],
          "value": undefined,
        },
      ],
      "isDefault": true,
      "name": "Storage",
      "switchFieldName": undefined,
      "title": "Storage",
    },
    {
      "className": "edu.ku.brc.specify.datamodel.StorageTreeDef",
      "fields": [
        {
          "fields": [
            {
              "fieldFormatter": undefined,
              "fieldName": "name",
              "formatter": "",
              "separator": "",
            },
          ],
          "value": undefined,
        },
      ],
      "isDefault": true,
      "name": "StorageTreeDef",
      "switchFieldName": undefined,
      "title": "StorageTreeDef",
    },
    {
      "className": "edu.ku.brc.specify.datamodel.StorageTreeDefItem",
      "fields": [
        {
          "fields": [
            {
              "fieldFormatter": undefined,
              "fieldName": "name",
              "formatter": "",
              "separator": "",
            },
          ],
          "value": undefined,
        },
      ],
      "isDefault": true,
      "name": "StorageTreeDefItem",
      "switchFieldName": undefined,
      "title": "StorageTreeDefItem",
    },
    {
      "className": "edu.ku.brc.specify.datamodel.Taxon",
      "fields": [
        {
          "fields": [
            {
              "fieldFormatter": undefined,
              "fieldName": "fullName",
              "formatter": "",
              "separator": "",
            },
          ],
          "value": undefined,
        },
      ],
      "isDefault": true,
      "name": "Taxon",
      "switchFieldName": undefined,
      "title": "Taxon",
    },
    {
      "className": "edu.ku.brc.specify.datamodel.TaxonCitation",
      "fields": [
        {
          "fields": [
            {
              "fieldFormatter": undefined,
              "fieldName": "referenceWork",
              "formatter": "ReferenceWork",
              "separator": "",
            },
          ],
          "value": undefined,
        },
      ],
      "isDefault": true,
      "name": "TaxonCitation",
      "switchFieldName": undefined,
      "title": "TaxonCitation",
    },
    {
      "className": "edu.ku.brc.specify.datamodel.TaxonTreeDef",
      "fields": [
        {
          "fields": [
            {
              "fieldFormatter": undefined,
              "fieldName": "name",
              "formatter": "",
              "separator": "",
            },
          ],
          "value": undefined,
        },
      ],
      "isDefault": true,
      "name": "TaxonTreeDef",
      "switchFieldName": undefined,
      "title": "TaxonTreeDef",
    },
    {
      "className": "edu.ku.brc.specify.datamodel.TaxonTreeDefItem",
      "fields": [
        {
          "fields": [
            {
              "fieldFormatter": undefined,
              "fieldName": "name",
              "formatter": "",
              "separator": "",
            },
          ],
          "value": undefined,
        },
      ],
      "isDefault": true,
      "name": "TaxonTreeDefItem",
      "switchFieldName": undefined,
      "title": "TaxonTreeDefItem",
    },
    {
      "className": "edu.ku.brc.specify.datamodel.Project",
      "fields": [
        {
          "fields": [
            {
              "fieldFormatter": undefined,
              "fieldName": "projectNumber",
              "formatter": "",
              "separator": "institutionCode=",
            },
            {
              "fieldFormatter": undefined,
              "fieldName": "grantAgency",
              "formatter": "",
              "separator": "&collectionCode=",
            },
            {
              "fieldFormatter": undefined,
              "fieldName": "projectName",
              "formatter": "",
              "separator": "&catalogNumber=",
            },
            {
              "fieldFormatter": undefined,
              "fieldName": "url",
              "formatter": "",
              "separator": "&accesspoint=",
            },
          ],
          "value": undefined,
        },
      ],
      "isDefault": true,
      "name": "Voucher",
      "switchFieldName": undefined,
      "title": "Voucher",
    },
    {
      "className": "edu.ku.brc.specify.datamodel.VoucherRelationship",
      "fields": [
        {
          "fields": [
            {
              "fieldFormatter": undefined,
              "fieldName": "institutionCode",
              "formatter": "",
              "separator": "institutionCode=",
            },
            {
              "fieldFormatter": undefined,
              "fieldName": "collectionCode",
              "formatter": "",
              "separator": "&collectionCode=",
            },
            {
              "fieldFormatter": undefined,
              "fieldName": "voucherNumber",
              "formatter": "",
              "separator": "&catalogNumber=",
            },
            {
              "fieldFormatter": undefined,
              "fieldName": "urlLink",
              "formatter": "",
              "separator": "&accesspoint=",
            },
          ],
          "value": undefined,
        },
      ],
      "isDefault": true,
      "name": "Voucher relationship",
      "switchFieldName": undefined,
      "title": "VoucherRelationship",
    },
  ],
}
`;
