// Jest Snapshot v1, https://goo.gl/fbAQLP

exports[`fetches and parses remotePrefs correctly 1`] = `
{
  "ALL_YEAR_CATS_STAT": "false",
  "ALWAYS.ASK.COLL": "true",
  "Agent.Use.Variants.fish": "false",
  "AttachmentsTask.OnTaskbar": "true",
  "AttachmentsTask.OnTaskbar.fish": "true",
  "CO_CREATE_COA_32678": "false",
  "CO_CREATE_COA_65536": "false",
  "CO_CREATE_DET_65536": "true",
  "CO_CREATE_PREP_32768": "false",
  "CO_CREATE_PREP_65536": "false",
  "CleanupToolsTask.OnTaskbar.fish": "false",
  "DOF_SEP": "\\\\:",
  "ExportTask.OnTaskbar.fish": "true",
  "Exporttask.OnTaskbar": "true",
  "FILLED_PREP_GUIDS": "true",
  "GEOLocate.HYWX": "true",
  "GEOLocate.LANGUAGEKEY": "English",
  "GEOLocate.WATERBODY": "true",
  "IPAD_COLMGR_NAME_32768": "Andrew Bentley",
  "IPAD_COLMGR_NAME_4": "Andrew Bentley",
  "IPAD_CURATOR_NAME_32768": "William Leo Smith",
  "IPAD_CURATOR_NAME_4": "William Leo Smith",
  "IPAD_PICTURE_LOCATION_32768": "Specifyworkspace_tissue.png",
  "IPAD_PICTURE_LOCATION_4": "Specifyworkspace_voucher.png",
  "IPAD_REMOTE_IMAGE_URL_32768": "http\\\\://biimages.biodiversity.ku.edu",
  "IPAD_REMOTE_IMAGE_URL_4": "http\\\\://biimages.biodiversity.ku.edu/web_asset_store.xml",
  "IPAD_REMOTE_IMAGE_URL_TYPE_32768": "attmgr",
  "IPAD_REMOTE_IMAGE_URL_TYPE_4": "attmgr",
  "IPAD_USERNAME_2_2": "tester@ku.edu",
  "ImagesTask.OnTaskbar": "true",
  "ImagesTask.OnTaskbar.fish": "true",
  "InteractionItemLookupField.1": "catalogNumber",
  "InteractionItemLookupField.63": "guid",
  "Interactions.DefaultSrcTableId": "0",
  "Interactions.Doing.Exchanges.fish": "false",
  "Interactions.Doing.Gifts.fish": "true",
  "Interactions.Using.Interactions.fish": "true",
  "LAST_COL_YEAR_STAT": "2021",
  "S2n.S2nOn.32768": "true",
  "S2n.S2nOn.4": "true",
  "SGRTask.OnTaskbar": "true",
  "SGR_SHOW_TASK_PREF.fish": "true",
  "SYSTEM.HasOpenGL": "true",
  "StartupTask.OnTaskbar": "true",
  "StartupTask.OnTaskbar.fish": "true",
  "SubPaneMgr.MaxPanes": "12",
  "SymbiotaTask.BaseUrlPref": "http\\\\://pinkava.asu.edu/symbiota/sandbox/webservices/dwc/dwcaingesthandler.php",
  "SymbiotaTask.SHOW_TASK_PREF.fish": "false",
  "TaxonTreeEditor.DisplayAuthor": "true",
  "Testing2": "",
  "TreeEditor.Rank.Threshold.Geography": "100",
  "TreeEditor.Rank.Threshold.GeologicTimePeriod": "0",
  "TreeEditor.Rank.Threshold.LithoStrat": "200",
  "TreeEditor.Rank.Threshold.Storage": "200",
  "TreeEditor.Rank.Threshold.Taxon": "100",
  "TreeEditor.RestoreTreeExpansionState": "true",
  "Treeeditor.SynonymyColor.Geography": "255, 0, 0",
  "Treeeditor.SynonymyColor.GeologicTimePeriod": "0, 0, 255",
  "Treeeditor.SynonymyColor.LithoStrat": "0, 0, 255",
  "Treeeditor.SynonymyColor.Storage": "255, 0, 0",
  "Treeeditor.SynonymyColor.Taxon": "255, 0, 0",
  "Treeeditor.TreeColColor1.Geography": "102, 204, 0",
  "Treeeditor.TreeColColor1.GeologicTimePeriod": "202, 238, 255",
  "Treeeditor.TreeColColor1.LithoStrat": "202, 238, 255",
  "Treeeditor.TreeColColor1.Storage": "128, 128, 128",
  "Treeeditor.TreeColColor1.Taxon": "202, 238, 255",
  "Treeeditor.TreeColColor2.Geography": "51, 153, 102",
  "Treeeditor.TreeColColor2.GeologicTimePeriod": "151, 221, 255",
  "Treeeditor.TreeColColor2.LithoStrat": "151, 221, 255",
  "Treeeditor.TreeColColor2.Storage": "128, 128, 0",
  "Treeeditor.TreeColColor2.Taxon": "151, 221, 255",
  "attachment.is_public_default": "true",
  "attachment.key": "c3wNpDBTLMedXWSb8w2TeSwHWVFLvBwiYmtU0CdOzLQtelcibV9sTXW7NxZlX68",
  "attachment.path": "",
  "attachment.preview_size": "123.3",
  "attachment.url": "http\\\\://biwebdb.nhm.ku.edu/web_asset_store.xml",
  "auditing.audit_field_updates": "true",
  "auditing.do_audits": "false",
  "bnrIconSizeCBX": "20 x 20 pixels",
  "checkforupdates": "",
  "clearcache": "",
  "google.earth.bgcolor": "0, 102, 179",
  "google.earth.fgcolor": "255, 255, 255",
  "google.earth.primaryurl": "ichthyology.biodiversity.ku.edu",
  "google.earth.primaryurltitle": "KU BIodiversity Institute Ichthyology",
  "google.earth.secondaryurl": "",
  "google.earth.secondaryurltitle": "ad",
  "google.earth.useorigheaders": "true",
  "loans.dueinmons": "6",
  "loans.shipmeth": "FedEx",
  "locale": "en",
  "recent_collection_id.Abornstein.KU_Fish_Tissue": "4",
  "recent_collection_id.Vertnet.KU_Fish_Tissue": "4",
  "recent_collection_id.abentley.KU_Fish_Tissue": "4",
  "recent_collection_id.abentley.freshfish": "4",
  "recent_collection_id.abornstein.KU_Fish_Tissue": "4",
  "recent_collection_id.cmeyer.KU_Fish_Tissue": "65536",
  "recent_collection_id.guest.KU_Fish_Tissue": "4",
  "recent_collection_id.mgirard.KU_Fish_Tissue": "65536",
  "recent_collection_id.sowens.KU_Fish_Tissue": "4",
  "recent_collection_id.spfishadmin.KU_Fish_Tissue": "32768",
  "recent_collection_id.testuser.KU_Fish_Tissue": "32768",
  "recent_collection_id.testuser.kui_fish_dbo_6": "32768",
  "recent_collection_id.testuser.tishfish": "4",
  "recent_collection_id.vdelnavaz.KU_Fish_Tissue": "4",
  "selected_node\\\\:TaxonTreeDef\\\\:1": "21",
  "settings.email.accounttype": "In Use",
  "settings.email.email": "abentley@ku.edu",
  "settings.email.password": "EB69B9A128B26FDC2D9964E2A0CCDEEDFBA5332AFBFF014F",
  "settings.email.port": "25",
  "settings.email.security": "TLS",
  "settings.email.smtp": "authsmtp.ku.edu",
  "settings.email.testconnection": "",
  "settings.email.username": "abentley",
  "specify.bg.image": "",
  "ui.formatting.disciplineicon.KUFishtissue": "colobj_backstop",
  "ui.formatting.disciplineicon.KUFishvoucher": "colobj_backstop",
  "ui.formatting.formtype": "Small Font Format (ideal for Windows)",
  "ui.formatting.requiredfieldcolor": "215, 230, 253",
  "ui.formatting.scrdateformat": "MM/dd/yyyy",
  "ui.formatting.valtextcolor": "255, 0, 0",
  "ui.formatting.viewfieldcolor": "250, 250, 250",
  "usage_tracking.send_isa_stats": "true",
  "usage_tracking.send_stats": "true",
  "webportal.PROCESS_WEBLINKS": "false",
}
`;
