// Jest Snapshot v1, https://goo.gl/fbAQLP

exports[`formatters are fetched and parsed correctly 1`] = `
{
  "aggregators": [
    {
      "ending": "",
      "formatterName": "AccessionAgent",
      "isDefault": true,
      "limit": undefined,
      "name": "AccessionAgent",
      "separator": "; ",
      "sortField": undefined,
      "tableName": "AccessionAgent",
      "title": "AccessionAgent",
    },
    {
      "ending": "",
      "formatterName": "identity",
      "isDefault": true,
      "limit": undefined,
      "name": "AccessionAttachment",
      "separator": "; ",
      "sortField": [
        "[literalField ordinal]",
      ],
      "tableName": "AccessionAttachment",
      "title": "AccessionAttachment",
    },
    {
      "ending": "",
      "formatterName": "AccessionAuthorization",
      "isDefault": true,
      "limit": undefined,
      "name": "AccessionAuthorization",
      "separator": "; ",
      "sortField": undefined,
      "tableName": "AccessionAuthorization",
      "title": "AccessionAuthorization",
    },
    {
      "ending": "",
      "formatterName": "Address",
      "isDefault": true,
      "limit": undefined,
      "name": "Address",
      "separator": "; ",
      "sortField": undefined,
      "tableName": "Address",
      "title": "Address",
    },
    {
      "ending": "",
      "formatterName": "identity",
      "isDefault": true,
      "limit": undefined,
      "name": "AgentAttachment",
      "separator": "; ",
      "sortField": [
        "[literalField ordinal]",
      ],
      "tableName": "AgentAttachment",
      "title": "AgentAttachment",
    },
    {
      "ending": "",
      "formatterName": "Author",
      "isDefault": true,
      "limit": undefined,
      "name": "Author",
      "separator": "; ",
      "sortField": [
        "[literalField orderNumber]",
      ],
      "tableName": "Author",
      "title": "Author",
    },
    {
      "ending": "",
      "formatterName": "identity",
      "isDefault": true,
      "limit": undefined,
      "name": "BorrowAttachment",
      "separator": "; ",
      "sortField": [
        "[literalField ordinal]",
      ],
      "tableName": "BorrowAttachment",
      "title": "BorrowAttachment",
    },
    {
      "ending": "",
      "formatterName": "Citation",
      "isDefault": true,
      "limit": 0,
      "name": "Citation",
      "separator": " | ",
      "sortField": undefined,
      "tableName": "CollectionObjectCitation",
      "title": "Citation",
    },
    {
      "ending": "",
      "formatterName": "identity",
      "isDefault": true,
      "limit": undefined,
      "name": "CollectingEventAttachment",
      "separator": "; ",
      "sortField": [
        "[literalField ordinal]",
      ],
      "tableName": "CollectingEventAttachment",
      "title": "CollectingEventAttachment",
    },
    {
      "ending": "",
      "formatterName": "CollectionObject",
      "isDefault": true,
      "limit": undefined,
      "name": "CollectionObject",
      "separator": "; ",
      "sortField": undefined,
      "tableName": "CollectionObject",
      "title": "CollectionObject",
    },
    {
      "ending": "",
      "formatterName": "COattachment",
      "isDefault": true,
      "limit": 0,
      "name": "CollectionObjectAttachment",
      "separator": " | ",
      "sortField": [
        "[literalField ordinal]",
      ],
      "tableName": "CollectionObjectAttachment",
      "title": "CollectionObjectAttachment",
    },
    {
      "ending": "",
      "formatterName": "Collector",
      "isDefault": true,
      "limit": undefined,
      "name": "Collector",
      "separator": "; ",
      "sortField": [
        "[literalField orderNumber]",
      ],
      "tableName": "Collector",
      "title": "Collector",
    },
    {
      "ending": "",
      "formatterName": "identity",
      "isDefault": true,
      "limit": undefined,
      "name": "ConservDescriptionAttachment",
      "separator": "; ",
      "sortField": [
        "[literalField ordinal]",
      ],
      "tableName": "ConservDescriptionAttachment",
      "title": "ConservDescriptionAttachment",
    },
    {
      "ending": "",
      "formatterName": "identity",
      "isDefault": true,
      "limit": undefined,
      "name": "ConservEventAttachment",
      "separator": "; ",
      "sortField": [
        "[literalField ordinal]",
      ],
      "tableName": "ConservEventAttachment",
      "title": "ConservEventAttachment",
    },
    {
      "ending": "",
      "formatterName": "identity",
      "isDefault": true,
      "limit": undefined,
      "name": "DNASequenceAttachment",
      "separator": "; ",
      "sortField": [
        "[literalField ordinal]",
      ],
      "tableName": "DNASequenceAttachment",
      "title": "DNASequenceAttachment",
    },
    {
      "ending": "",
      "formatterName": "identity",
      "isDefault": true,
      "limit": undefined,
      "name": "DNASequencingRunAttachment",
      "separator": "; ",
      "sortField": [
        "[literalField ordinal]",
      ],
      "tableName": "DNASequencingRunAttachment",
      "title": "DNASequencingRunAttachment",
    },
    {
      "ending": "",
      "formatterName": "DNAsequence",
      "isDefault": true,
      "limit": 0,
      "name": "DNAsequence",
      "separator": "| ",
      "sortField": undefined,
      "tableName": "DNASequence",
      "title": "DNAsequence",
    },
    {
      "ending": "",
      "formatterName": "Determination",
      "isDefault": true,
      "limit": 1,
      "name": "Determination",
      "separator": "; ",
      "sortField": undefined,
      "tableName": "Determination",
      "title": "Determination",
    },
    {
      "ending": "",
      "formatterName": "identity",
      "isDefault": true,
      "limit": undefined,
      "name": "FieldNotebookAttachment",
      "separator": "; ",
      "sortField": [
        "[literalField ordinal]",
      ],
      "tableName": "FieldNotebookAttachment",
      "title": "FieldNotebookAttachment",
    },
    {
      "ending": "",
      "formatterName": "identity",
      "isDefault": true,
      "limit": undefined,
      "name": "FieldNotebookPageAttachment",
      "separator": "; ",
      "sortField": [
        "[literalField ordinal]",
      ],
      "tableName": "FieldNotebookPageAttachment",
      "title": "FieldNotebookPageAttachment",
    },
    {
      "ending": "",
      "formatterName": "identity",
      "isDefault": true,
      "limit": undefined,
      "name": "FieldNotebookPageSetAttachment",
      "separator": "; ",
      "sortField": [
        "[literalField ordinal]",
      ],
      "tableName": "FieldNotebookPageSetAttachment",
      "title": "FieldNotebookPageSetAttachment",
    },
    {
      "ending": "",
      "formatterName": "FundingAgent",
      "isDefault": true,
      "limit": undefined,
      "name": "FundingAgent",
      "separator": "; ",
      "sortField": [
        "[literalField orderNumber]",
      ],
      "tableName": "FundingAgent",
      "title": "FundingAgent",
    },
    {
      "ending": "",
      "formatterName": "LoanAgent",
      "isDefault": true,
      "limit": undefined,
      "name": "GiftAttachment",
      "separator": "; ",
      "sortField": undefined,
      "tableName": "GiftAttachment",
      "title": "GiftAttachment",
    },
    {
      "ending": "",
      "formatterName": "LoanAgent",
      "isDefault": true,
      "limit": undefined,
      "name": "LoanAgent",
      "separator": "; ",
      "sortField": undefined,
      "tableName": "LoanAgent",
      "title": "LoanAgent",
    },
    {
      "ending": "",
      "formatterName": "identity",
      "isDefault": true,
      "limit": undefined,
      "name": "LoanAttachment",
      "separator": "; ",
      "sortField": [
        "[literalField ordinal]",
      ],
      "tableName": "LoanAttachment",
      "title": "LoanAttachment",
    },
    {
      "ending": "",
      "formatterName": "LoanPreparation",
      "isDefault": true,
      "limit": 0,
      "name": "LoanPrep",
      "separator": "; ",
      "sortField": undefined,
      "tableName": "LoanPreparation",
      "title": "LoanPrep",
    },
    {
      "ending": "",
      "formatterName": "LoanReturnPreparation",
      "isDefault": true,
      "limit": 0,
      "name": "LoanReturnPrep",
      "separator": "; ",
      "sortField": undefined,
      "tableName": "LoanReturnPreparation",
      "title": "Loan Return Prep",
    },
    {
      "ending": "",
      "formatterName": "identity",
      "isDefault": true,
      "limit": undefined,
      "name": "LocalityAttachment",
      "separator": "; ",
      "sortField": [
        "[literalField ordinal]",
      ],
      "tableName": "LocalityAttachment",
      "title": "LocalityAttachment",
    },
    {
      "ending": "",
      "formatterName": "identity",
      "isDefault": true,
      "limit": undefined,
      "name": "PermitAttachment",
      "separator": "; ",
      "sortField": [
        "[literalField ordinal]",
      ],
      "tableName": "PermitAttachment",
      "title": "PermitAttachment",
    },
    {
      "ending": "",
      "formatterName": "Preparation",
      "isDefault": true,
      "limit": undefined,
      "name": "Preparation",
      "separator": "; ",
      "sortField": undefined,
      "tableName": "Preparation",
      "title": "Preparation",
    },
    {
      "ending": "",
      "formatterName": "identity",
      "isDefault": true,
      "limit": undefined,
      "name": "PreparationAttachment",
      "separator": "; ",
      "sortField": [
        "[literalField ordinal]",
      ],
      "tableName": "PreparationAttachment",
      "title": "PreparationAttachment",
    },
    {
      "ending": "",
      "formatterName": "identity",
      "isDefault": true,
      "limit": undefined,
      "name": "ReferenceWorkAttachment",
      "separator": "; ",
      "sortField": [
        "[literalField ordinal]",
      ],
      "tableName": "ReferenceWorkAttachment",
      "title": "ReferenceWorkAttachment",
    },
    {
      "ending": "",
      "formatterName": "identity",
      "isDefault": true,
      "limit": undefined,
      "name": "RepositoryAgreementAttachment",
      "separator": "; ",
      "sortField": [
        "[literalField ordinal]",
      ],
      "tableName": "RepositoryAgreementAttachment",
      "title": "RepositoryAgreementAttachment",
    },
    {
      "ending": "",
      "formatterName": "identity",
      "isDefault": true,
      "limit": undefined,
      "name": "TaxonAttachment",
      "separator": "; ",
      "sortField": [
        "[literalField ordinal]",
      ],
      "tableName": "TaxonAttachment",
      "title": "TaxonAttachment",
    },
    {
      "ending": "",
      "formatterName": "Voucher relationship",
      "isDefault": true,
      "limit": 0,
      "name": "Voucher Relationship",
      "separator": ";",
      "sortField": [
        "[literalField institutionCode]",
      ],
      "tableName": "VoucherRelationship",
      "title": "VoucherRelationship",
    },
  ],
  "formatters": [
    {
      "definition": {
        "conditionField": undefined,
        "external": undefined,
        "fields": [
          {
            "fields": [
              {
                "aggregator": undefined,
                "field": [
                  "[literalField accessionNumber]",
                ],
                "fieldFormatter": undefined,
                "formatter": undefined,
                "separator": "",
              },
            ],
            "value": undefined,
          },
        ],
        "isSingle": undefined,
      },
      "isDefault": true,
      "name": "Accession",
      "tableName": "Accession",
      "title": "Accession",
    },
    {
      "definition": {
        "conditionField": undefined,
        "external": undefined,
        "fields": [
          {
            "fields": [
              {
                "aggregator": undefined,
                "field": [
                  "[relationship agent]",
                ],
                "fieldFormatter": undefined,
                "formatter": "Agent",
                "separator": "",
              },
              {
                "aggregator": undefined,
                "field": [
                  "[literalField role]",
                ],
                "fieldFormatter": undefined,
                "formatter": undefined,
                "separator": "-",
              },
            ],
            "value": undefined,
          },
        ],
        "isSingle": undefined,
      },
      "isDefault": true,
      "name": "AccessionAgent",
      "tableName": "AccessionAgent",
      "title": "AccessionAgent",
    },
    {
      "definition": {
        "conditionField": undefined,
        "external": undefined,
        "fields": [
          {
            "fields": [
              {
                "aggregator": undefined,
                "field": [
                  "[relationship accession]",
                  "[literalField accessionNumber]",
                ],
                "fieldFormatter": undefined,
                "formatter": undefined,
                "separator": "",
              },
            ],
            "value": undefined,
          },
        ],
        "isSingle": undefined,
      },
      "isDefault": true,
      "name": "AccessionAuthorization",
      "tableName": "AccessionAuthorization",
      "title": "AccessionAuthorization",
    },
    {
      "definition": {
        "conditionField": undefined,
        "external": undefined,
        "fields": [
          {
            "fields": [
              {
                "aggregator": undefined,
                "field": [
                  "[literalField address]",
                ],
                "fieldFormatter": undefined,
                "formatter": undefined,
                "separator": "",
              },
              {
                "aggregator": undefined,
                "field": [
                  "[literalField address2]",
                ],
                "fieldFormatter": undefined,
                "formatter": undefined,
                "separator": "",
              },
              {
                "aggregator": undefined,
                "field": [
                  "[literalField city]",
                ],
                "fieldFormatter": undefined,
                "formatter": undefined,
                "separator": ",",
              },
              {
                "aggregator": undefined,
                "field": [
                  "[literalField state]",
                ],
                "fieldFormatter": undefined,
                "formatter": undefined,
                "separator": ",",
              },
              {
                "aggregator": undefined,
                "field": [
                  "[literalField postalCode]",
                ],
                "fieldFormatter": undefined,
                "formatter": undefined,
                "separator": "",
              },
            ],
            "value": undefined,
          },
        ],
        "isSingle": undefined,
      },
      "isDefault": true,
      "name": "Address",
      "tableName": "Address",
      "title": "Address",
    },
    {
      "definition": {
        "conditionField": [
          "[literalField agentType]",
        ],
        "external": undefined,
        "fields": [
          {
            "fields": [
              {
                "aggregator": undefined,
                "field": [
                  "[literalField lastName]",
                ],
                "fieldFormatter": undefined,
                "formatter": undefined,
                "separator": "",
              },
            ],
            "value": "0",
          },
          {
            "fields": [
              {
                "aggregator": undefined,
                "field": [
                  "[literalField lastName]",
                ],
                "fieldFormatter": undefined,
                "formatter": undefined,
                "separator": "",
              },
              {
                "aggregator": undefined,
                "field": [
                  "[literalField firstName]",
                ],
                "fieldFormatter": undefined,
                "formatter": undefined,
                "separator": ",",
              },
              {
                "aggregator": undefined,
                "field": [
                  "[literalField middleInitial]",
                ],
                "fieldFormatter": undefined,
                "formatter": undefined,
                "separator": "",
              },
            ],
            "value": "1",
          },
          {
            "fields": [
              {
                "aggregator": undefined,
                "field": [
                  "[literalField lastName]",
                ],
                "fieldFormatter": undefined,
                "formatter": undefined,
                "separator": "",
              },
            ],
            "value": "2",
          },
          {
            "fields": [
              {
                "aggregator": undefined,
                "field": [
                  "[literalField lastName]",
                ],
                "fieldFormatter": undefined,
                "formatter": undefined,
                "separator": "",
              },
            ],
            "value": "3",
          },
        ],
        "isSingle": undefined,
      },
      "isDefault": true,
      "name": "Agent",
      "tableName": "Agent",
      "title": "Agent",
    },
    {
      "definition": {
        "conditionField": undefined,
        "external": undefined,
        "fields": [
          {
            "fields": [
              {
                "aggregator": undefined,
                "field": [
                  "[literalField attachmentLocation]",
                ],
                "fieldFormatter": undefined,
                "formatter": undefined,
                "separator": "http://biimages.biodiversity.ku.edu/static/Ichthyology/originals/",
              },
            ],
            "value": undefined,
          },
        ],
        "isSingle": undefined,
      },
      "isDefault": true,
      "name": "Attachment",
      "tableName": "Attachment",
      "title": "Attachment",
    },
    {
      "definition": {
        "conditionField": undefined,
        "external": undefined,
        "fields": [
          {
            "fields": [
              {
                "aggregator": undefined,
                "field": [
                  "[relationship agent]",
                ],
                "fieldFormatter": undefined,
                "formatter": "Agent",
                "separator": "",
              },
            ],
            "value": undefined,
          },
        ],
        "isSingle": undefined,
      },
      "isDefault": true,
      "name": "Author",
      "tableName": "Author",
      "title": "Author",
    },
    {
      "definition": {
        "conditionField": undefined,
        "external": undefined,
        "fields": [
          {
            "fields": [
              {
                "aggregator": undefined,
                "field": [
                  "[literalField schemeName]",
                ],
                "fieldFormatter": undefined,
                "formatter": undefined,
                "separator": "",
              },
            ],
            "value": undefined,
          },
        ],
        "isSingle": undefined,
      },
      "isDefault": true,
      "name": "AutoNumberingScheme",
      "tableName": "AutoNumberingScheme",
      "title": "AutoNumberingScheme",
    },
    {
      "definition": {
        "conditionField": undefined,
        "external": undefined,
        "fields": [
          {
            "fields": [
              {
                "aggregator": undefined,
                "field": [
                  "[literalField receivedDate]",
                ],
                "fieldFormatter": undefined,
                "formatter": undefined,
                "separator": "",
              },
            ],
            "value": undefined,
          },
        ],
        "isSingle": undefined,
      },
      "isDefault": true,
      "name": "Borrow",
      "tableName": "Borrow",
      "title": "Borrow",
    },
    {
      "definition": {
        "conditionField": undefined,
        "external": undefined,
        "fields": [
          {
            "fields": [
              {
                "aggregator": undefined,
                "field": [
                  "[relationship attachment]",
                  "[literalField attachmentLocation]",
                ],
                "fieldFormatter": undefined,
                "formatter": undefined,
                "separator": "http://biimages.biodiversity.ku.edu/static/Ichthyology/originals/",
              },
            ],
            "value": undefined,
          },
        ],
        "isSingle": undefined,
      },
      "isDefault": true,
      "name": "COattachment",
      "tableName": "CollectionObjectAttachment",
      "title": "COattachment",
    },
    {
      "definition": {
        "conditionField": undefined,
        "external": undefined,
        "fields": [
          {
            "fields": [
              {
                "aggregator": undefined,
                "field": [
                  "[relationship referenceWork]",
                  "[literalField url]",
                ],
                "fieldFormatter": undefined,
                "formatter": undefined,
                "separator": "",
              },
            ],
            "value": undefined,
          },
        ],
        "isSingle": undefined,
      },
      "isDefault": true,
      "name": "Citation",
      "tableName": "CollectionObjectCitation",
      "title": "Citation",
    },
    {
      "definition": {
        "conditionField": undefined,
        "external": undefined,
        "fields": [
          {
            "fields": [
              {
                "aggregator": undefined,
                "field": [
                  "[literalField stationFieldNumber]",
                ],
                "fieldFormatter": undefined,
                "formatter": undefined,
                "separator": "",
              },
              {
                "aggregator": undefined,
                "field": [
                  "[literalField startDate]",
                ],
                "fieldFormatter": undefined,
                "formatter": undefined,
                "separator": ":",
              },
              {
                "aggregator": undefined,
                "field": [
                  "[relationship locality]",
                  "[relationship geography]",
                  "[literalField fullName]",
                ],
                "fieldFormatter": undefined,
                "formatter": undefined,
                "separator": ":",
              },
              {
                "aggregator": undefined,
                "field": [
                  "[relationship locality]",
                  "[literalField localityName]",
                ],
                "fieldFormatter": undefined,
                "formatter": undefined,
                "separator": ":",
              },
              {
                "aggregator": undefined,
                "field": [
                  "[relationship locality]",
                  "[literalField latitude1]",
                ],
                "fieldFormatter": undefined,
                "formatter": undefined,
                "separator": ":",
              },
              {
                "aggregator": undefined,
                "field": [
                  "[relationship locality]",
                  "[literalField longitude1]",
                ],
                "fieldFormatter": undefined,
                "formatter": undefined,
                "separator": ":",
              },
            ],
            "value": undefined,
          },
        ],
        "isSingle": undefined,
      },
      "isDefault": null,
      "name": "CollectingEvent",
      "tableName": "CollectingEvent",
      "title": "CollectingEvent",
    },
    {
      "definition": {
        "conditionField": undefined,
        "external": <external
          class="edu.ku.brc.specify.ui.CollectingEventDataObjFmt"
        >
          
        
          <param
            name="format"
          >
            FN; DT; LC; LA, LO; CO, ST, CT
          </param>
          
      
        </external>,
        "fields": [],
        "isSingle": undefined,
      },
      "isDefault": true,
      "name": "CollectingEventDetail",
      "tableName": "CollectingEvent",
      "title": "CollectingEventDetail",
    },
    {
      "definition": {
        "conditionField": undefined,
        "external": undefined,
        "fields": [
          {
            "fields": [
              {
                "aggregator": undefined,
                "field": [
                  "[literalField stationFieldNumber]",
                ],
                "fieldFormatter": undefined,
                "formatter": undefined,
                "separator": "",
              },
              {
                "aggregator": undefined,
                "field": [
                  "[literalField startDate]",
                ],
                "fieldFormatter": undefined,
                "formatter": undefined,
                "separator": ",",
              },
            ],
            "value": undefined,
          },
        ],
        "isSingle": undefined,
      },
      "isDefault": null,
      "name": "CollectingEventSFN",
      "tableName": "CollectingEvent",
      "title": "CollectingEventSFN",
    },
    {
      "definition": {
        "conditionField": undefined,
        "external": <external
          class="edu.ku.brc.specify.ui.CollectingEventDataObjFmt"
        >
          
        
          <param
            name="format"
          >
            FN; DT; LC; LA, LO; CO, ST, CT
          </param>
          
      
        </external>,
        "fields": [],
        "isSingle": undefined,
      },
      "isDefault": null,
      "name": "CollectingEventStartDate",
      "tableName": "CollectingEvent",
      "title": "CollectingEventStartDate",
    },
    {
      "definition": {
        "conditionField": undefined,
        "external": undefined,
        "fields": [
          {
            "fields": [
              {
                "aggregator": undefined,
                "field": [
                  "[literalField text1]",
                ],
                "fieldFormatter": undefined,
                "formatter": undefined,
                "separator": "",
              },
              {
                "aggregator": undefined,
                "field": [
                  "[literalField text2]",
                ],
                "fieldFormatter": undefined,
                "formatter": undefined,
                "separator": ":",
              },
              {
                "aggregator": undefined,
                "field": [
                  "[literalField number1]",
                ],
                "fieldFormatter": undefined,
                "formatter": undefined,
                "separator": ":",
              },
            ],
            "value": undefined,
          },
        ],
        "isSingle": undefined,
      },
      "isDefault": true,
      "name": "CollectingTrip",
      "tableName": "CollectingTrip",
      "title": "CollectingTrip",
    },
    {
      "definition": {
        "conditionField": undefined,
        "external": undefined,
        "fields": [
          {
            "fields": [
              {
                "aggregator": undefined,
                "field": [
                  "[literalField collectionName]",
                ],
                "fieldFormatter": undefined,
                "formatter": undefined,
                "separator": "",
              },
            ],
            "value": undefined,
          },
        ],
        "isSingle": undefined,
      },
      "isDefault": true,
      "name": "Collection",
      "tableName": "Collection",
      "title": "Collection",
    },
    {
      "definition": {
        "conditionField": undefined,
        "external": undefined,
        "fields": [
          {
            "fields": [
              {
                "aggregator": undefined,
                "field": [
                  "[literalField catalogNumber]",
                ],
                "fieldFormatter": "CatalogNumber",
                "formatter": undefined,
                "separator": "",
              },
            ],
            "value": undefined,
          },
        ],
        "isSingle": undefined,
      },
      "isDefault": true,
      "name": "CollectionObject",
      "tableName": "CollectionObject",
      "title": "CollectionObject",
    },
    {
      "definition": {
        "conditionField": undefined,
        "external": undefined,
        "fields": [
          {
            "fields": [
              {
                "aggregator": undefined,
                "field": [
                  "[literalField name]",
                ],
                "fieldFormatter": undefined,
                "formatter": undefined,
                "separator": "",
              },
            ],
            "value": undefined,
          },
        ],
        "isSingle": undefined,
      },
      "isDefault": true,
      "name": "CollectionRelType",
      "tableName": "CollectionRelType",
      "title": "CollectionRelType",
    },
    {
      "definition": {
        "conditionField": undefined,
        "external": undefined,
        "fields": [
          {
            "fields": [
              {
                "aggregator": undefined,
                "field": [
                  "[relationship agent]",
                ],
                "fieldFormatter": undefined,
                "formatter": "Agent",
                "separator": "",
              },
            ],
            "value": undefined,
          },
        ],
        "isSingle": undefined,
      },
      "isDefault": true,
      "name": "Collector",
      "tableName": "Collector",
      "title": "Collector",
    },
    {
      "definition": {
        "conditionField": undefined,
        "external": undefined,
        "fields": [
          {
            "fields": [
              {
                "aggregator": undefined,
                "field": [
                  "[literalField name]",
                ],
                "fieldFormatter": undefined,
                "formatter": undefined,
                "separator": "",
              },
            ],
            "value": undefined,
          },
        ],
        "isSingle": undefined,
      },
      "isDefault": true,
      "name": "Container",
      "tableName": "Container",
      "title": "Container",
    },
    {
      "definition": {
        "conditionField": undefined,
        "external": undefined,
        "fields": [
          {
            "fields": [
              {
                "aggregator": undefined,
                "field": [
                  "[literalField primerDesignator]",
                ],
                "fieldFormatter": undefined,
                "formatter": undefined,
                "separator": "",
              },
            ],
            "value": undefined,
          },
        ],
        "isSingle": undefined,
      },
      "isDefault": true,
      "name": "DNAPrimer",
      "tableName": "DNAPrimer",
      "title": "DNAPrimer",
    },
    {
      "definition": {
        "conditionField": undefined,
        "external": undefined,
        "fields": [
          {
            "fields": [
              {
                "aggregator": undefined,
                "field": [
                  "[literalField text2]",
                ],
                "fieldFormatter": undefined,
                "formatter": undefined,
                "separator": "https://www.ncbi.nlm.nih.gov/nuccore/",
              },
            ],
            "value": undefined,
          },
        ],
        "isSingle": undefined,
      },
      "isDefault": true,
      "name": "DNAsequence",
      "tableName": "DNASequence",
      "title": "DNAsequence",
    },
    {
      "definition": {
        "conditionField": undefined,
        "external": undefined,
        "fields": [
          {
            "fields": [
              {
                "aggregator": undefined,
                "field": [
                  "[literalField name]",
                ],
                "fieldFormatter": undefined,
                "formatter": undefined,
                "separator": "",
              },
            ],
            "value": undefined,
          },
        ],
        "isSingle": undefined,
      },
      "isDefault": true,
      "name": "DataType",
      "tableName": "DataType",
      "title": "DataType",
    },
    {
      "definition": {
        "conditionField": undefined,
        "external": undefined,
        "fields": [
          {
            "fields": [
              {
                "aggregator": undefined,
                "field": [
                  "[literalField deaccessionNumber]",
                ],
                "fieldFormatter": undefined,
                "formatter": undefined,
                "separator": "",
              },
            ],
            "value": undefined,
          },
        ],
        "isSingle": undefined,
      },
      "isDefault": true,
      "name": "Deaccession",
      "tableName": "Deaccession",
      "title": "Deaccession",
    },
    {
      "definition": {
        "conditionField": [
          "[literalField isCurrent]",
        ],
        "external": undefined,
        "fields": [
          {
            "fields": [
              {
                "aggregator": undefined,
                "field": [
                  "[relationship preferredTaxon]",
                  "[literalField fullName]",
                ],
                "fieldFormatter": undefined,
                "formatter": undefined,
                "separator": "",
              },
            ],
            "value": "true",
          },
          {
            "fields": [
              {
                "aggregator": undefined,
                "field": [
                  "[relationship taxon]",
                  "[literalField fullName]",
                ],
                "fieldFormatter": undefined,
                "formatter": undefined,
                "separator": "",
              },
            ],
            "value": "false",
          },
        ],
        "isSingle": undefined,
      },
      "isDefault": true,
      "name": "Determination",
      "tableName": "Determination",
      "title": "Determination",
    },
    {
      "definition": {
        "conditionField": undefined,
        "external": undefined,
        "fields": [
          {
            "fields": [
              {
                "aggregator": undefined,
                "field": [
                  "[literalField name]",
                ],
                "fieldFormatter": undefined,
                "formatter": undefined,
                "separator": "",
              },
            ],
            "value": undefined,
          },
        ],
        "isSingle": undefined,
      },
      "isDefault": true,
      "name": "Discipline",
      "tableName": "Discipline",
      "title": "Discipline",
    },
    {
      "definition": {
        "conditionField": undefined,
        "external": undefined,
        "fields": [
          {
            "fields": [
              {
                "aggregator": undefined,
                "field": [
                  "[literalField name]",
                ],
                "fieldFormatter": undefined,
                "formatter": undefined,
                "separator": "",
              },
            ],
            "value": undefined,
          },
        ],
        "isSingle": undefined,
      },
      "isDefault": true,
      "name": "Division",
      "tableName": "Division",
      "title": "Division",
    },
    {
      "definition": {
        "conditionField": undefined,
        "external": undefined,
        "fields": [
          {
            "fields": [
              {
                "aggregator": undefined,
                "field": [
                  "[literalField pageNumber]",
                ],
                "fieldFormatter": undefined,
                "formatter": undefined,
                "separator": "",
              },
              {
                "aggregator": undefined,
                "field": [
                  "[relationship pageSet]",
                  "[relationship fieldNotebook]",
                  "[literalField name]",
                ],
                "fieldFormatter": undefined,
                "formatter": undefined,
                "separator": "-",
              },
            ],
            "value": undefined,
          },
        ],
        "isSingle": undefined,
      },
      "isDefault": true,
      "name": "FieldNotebookPage",
      "tableName": "FieldNotebookPage",
      "title": "FieldNotebookPage",
    },
    {
      "definition": {
        "conditionField": undefined,
        "external": undefined,
        "fields": [
          {
            "fields": [
              {
                "aggregator": undefined,
                "field": [
                  "[relationship agent]",
                ],
                "fieldFormatter": undefined,
                "formatter": "Agent",
                "separator": "",
              },
            ],
            "value": undefined,
          },
        ],
        "isSingle": undefined,
      },
      "isDefault": true,
      "name": "FundingAgent",
      "tableName": "FundingAgent",
      "title": "FundingAgent",
    },
    {
      "definition": {
        "conditionField": undefined,
        "external": undefined,
        "fields": [
          {
            "fields": [
              {
                "aggregator": undefined,
                "field": [
                  "[literalField fullName]",
                ],
                "fieldFormatter": undefined,
                "formatter": undefined,
                "separator": "",
              },
            ],
            "value": undefined,
          },
        ],
        "isSingle": undefined,
      },
      "isDefault": true,
      "name": "Geography",
      "tableName": "Geography",
      "title": "Geography",
    },
    {
      "definition": {
        "conditionField": undefined,
        "external": undefined,
        "fields": [
          {
            "fields": [
              {
                "aggregator": undefined,
                "field": [
                  "[literalField name]",
                ],
                "fieldFormatter": undefined,
                "formatter": undefined,
                "separator": "",
              },
            ],
            "value": undefined,
          },
        ],
        "isSingle": undefined,
      },
      "isDefault": true,
      "name": "GeographyTreeDef",
      "tableName": "GeographyTreeDef",
      "title": "GeographyTreeDef",
    },
    {
      "definition": {
        "conditionField": undefined,
        "external": undefined,
        "fields": [
          {
            "fields": [
              {
                "aggregator": undefined,
                "field": [
                  "[literalField name]",
                ],
                "fieldFormatter": undefined,
                "formatter": undefined,
                "separator": "",
              },
            ],
            "value": undefined,
          },
        ],
        "isSingle": undefined,
      },
      "isDefault": true,
      "name": "GeographyTreeDefItem",
      "tableName": "GeographyTreeDefItem",
      "title": "GeographyTreeDefItem",
    },
    {
      "definition": {
        "conditionField": undefined,
        "external": undefined,
        "fields": [
          {
            "fields": [
              {
                "aggregator": undefined,
                "field": [
                  "[literalField fullName]",
                ],
                "fieldFormatter": undefined,
                "formatter": undefined,
                "separator": "",
              },
            ],
            "value": undefined,
          },
        ],
        "isSingle": undefined,
      },
      "isDefault": true,
      "name": "GeologicTimePeriod",
      "tableName": "GeologicTimePeriod",
      "title": "GeologicTimePeriod",
    },
    {
      "definition": {
        "conditionField": undefined,
        "external": undefined,
        "fields": [
          {
            "fields": [
              {
                "aggregator": undefined,
                "field": [
                  "[literalField name]",
                ],
                "fieldFormatter": undefined,
                "formatter": undefined,
                "separator": "",
              },
            ],
            "value": undefined,
          },
        ],
        "isSingle": undefined,
      },
      "isDefault": true,
      "name": "GeologicTimePeriodTreeDef",
      "tableName": "GeologicTimePeriodTreeDef",
      "title": "GeologicTimePeriodTreeDef",
    },
    {
      "definition": {
        "conditionField": undefined,
        "external": undefined,
        "fields": [
          {
            "fields": [
              {
                "aggregator": undefined,
                "field": [
                  "[literalField journalName]",
                ],
                "fieldFormatter": undefined,
                "formatter": undefined,
                "separator": "",
              },
            ],
            "value": undefined,
          },
        ],
        "isSingle": undefined,
      },
      "isDefault": true,
      "name": "Journal",
      "tableName": "Journal",
      "title": "Journal",
    },
    {
      "definition": {
        "conditionField": undefined,
        "external": undefined,
        "fields": [
          {
            "fields": [
              {
                "aggregator": undefined,
                "field": [
                  "[literalField fullName]",
                ],
                "fieldFormatter": undefined,
                "formatter": undefined,
                "separator": "",
              },
            ],
            "value": undefined,
          },
        ],
        "isSingle": undefined,
      },
      "isDefault": true,
      "name": "LithoStrat",
      "tableName": "LithoStrat",
      "title": "LithoStrat",
    },
    {
      "definition": {
        "conditionField": undefined,
        "external": undefined,
        "fields": [
          {
            "fields": [
              {
                "aggregator": undefined,
                "field": [
                  "[literalField name]",
                ],
                "fieldFormatter": undefined,
                "formatter": undefined,
                "separator": "",
              },
            ],
            "value": undefined,
          },
        ],
        "isSingle": undefined,
      },
      "isDefault": true,
      "name": "LithoStratTreeDef",
      "tableName": "LithoStratTreeDef",
      "title": "LithoStratTreeDef",
    },
    {
      "definition": {
        "conditionField": undefined,
        "external": undefined,
        "fields": [
          {
            "fields": [
              {
                "aggregator": undefined,
                "field": [
                  "[literalField name]",
                ],
                "fieldFormatter": undefined,
                "formatter": undefined,
                "separator": "",
              },
            ],
            "value": undefined,
          },
        ],
        "isSingle": undefined,
      },
      "isDefault": true,
      "name": "LithoStratTreeDefItem",
      "tableName": "LithoStratTreeDefItem",
      "title": "LithoStratTreeDefItem",
    },
    {
      "definition": {
        "conditionField": undefined,
        "external": undefined,
        "fields": [
          {
            "fields": [
              {
                "aggregator": undefined,
                "field": [
                  "[literalField loanNumber]",
                ],
                "fieldFormatter": undefined,
                "formatter": undefined,
                "separator": "",
              },
            ],
            "value": undefined,
          },
        ],
        "isSingle": undefined,
      },
      "isDefault": true,
      "name": "Loan",
      "tableName": "Loan",
      "title": "Loan",
    },
    {
      "definition": {
        "conditionField": undefined,
        "external": undefined,
        "fields": [
          {
            "fields": [
              {
                "aggregator": undefined,
                "field": [
                  "[relationship agent]",
                ],
                "fieldFormatter": undefined,
                "formatter": "Agent",
                "separator": "",
              },
              {
                "aggregator": undefined,
                "field": [
                  "[literalField role]",
                ],
                "fieldFormatter": undefined,
                "formatter": undefined,
                "separator": "-",
              },
            ],
            "value": undefined,
          },
        ],
        "isSingle": undefined,
      },
      "isDefault": true,
      "name": "LoanAgent",
      "tableName": "LoanAgent",
      "title": "LoanAgent",
    },
    {
      "definition": {
        "conditionField": undefined,
        "external": undefined,
        "fields": [],
        "isSingle": undefined,
      },
      "isDefault": true,
      "name": "LoanPreparation",
      "tableName": "LoanPreparation",
      "title": "LoanPreparation",
    },
    {
      "definition": {
        "conditionField": undefined,
        "external": undefined,
        "fields": [
          {
            "fields": [
              {
                "aggregator": undefined,
                "field": [
                  "[relationship loanPreparation]",
                  "[relationship preparation]",
                  "[relationship prepType]",
                ],
                "fieldFormatter": undefined,
                "formatter": "PrepType",
                "separator": "",
              },
              {
                "aggregator": undefined,
                "field": [
                  "[literalField quantityResolved]",
                ],
                "fieldFormatter": undefined,
                "formatter": undefined,
                "separator": "-",
              },
            ],
            "value": undefined,
          },
        ],
        "isSingle": undefined,
      },
      "isDefault": true,
      "name": "LoanReturnPreparation",
      "tableName": "LoanReturnPreparation",
      "title": "LoanReturnPreparation",
    },
    {
      "definition": {
        "conditionField": undefined,
        "external": undefined,
        "fields": [
          {
            "fields": [
              {
                "aggregator": undefined,
                "field": [
                  "[literalField localityName]",
                ],
                "fieldFormatter": undefined,
                "formatter": undefined,
                "separator": "",
              },
              {
                "aggregator": undefined,
                "field": [
                  "[relationship geography]",
                  "[literalField fullName]",
                ],
                "fieldFormatter": undefined,
                "formatter": undefined,
                "separator": ";",
              },
              {
                "aggregator": undefined,
                "field": [
                  "[literalField latitude1]",
                ],
                "fieldFormatter": undefined,
                "formatter": undefined,
                "separator": ";",
              },
              {
                "aggregator": undefined,
                "field": [
                  "[literalField longitude1]",
                ],
                "fieldFormatter": undefined,
                "formatter": undefined,
                "separator": ",",
              },
            ],
            "value": undefined,
          },
        ],
        "isSingle": undefined,
      },
      "isDefault": true,
      "name": "Locality",
      "tableName": "Locality",
      "title": "Locality",
    },
    {
      "definition": {
        "conditionField": undefined,
        "external": <external
          class="edu.ku.brc.specify.ui.LocalityLatLonFormatter"
        >
          
        
          <param
            name="type"
          >
            Latitude
          </param>
          
        
          <param
            name="dir"
          >
            symbol
          </param>
          
        
          <param
            name="dir"
          >
            DDDDDD
          </param>
          
        
          <param
            name="which"
          >
            1
          </param>
          
      
        </external>,
        "fields": [],
        "isSingle": undefined,
      },
      "isDefault": null,
      "name": "LocalityLatitude",
      "tableName": "Locality",
      "title": "LocalityLatitude",
    },
    {
      "definition": {
        "conditionField": undefined,
        "external": <external
          class="edu.ku.brc.specify.ui.LocalityLatLonFormatter"
        >
          
        
          <param
            name="type"
          >
            Longitude
          </param>
          
        
          <param
            name="dir"
          >
            symbol
          </param>
          
        
          <param
            name="dir"
          >
            DDDDDD
          </param>
          
        
          <param
            name="which"
          >
            1
          </param>
          
      
        </external>,
        "fields": [],
        "isSingle": undefined,
      },
      "isDefault": null,
      "name": "LocalityLongitude",
      "tableName": "Locality",
      "title": "LocalityLongitude",
    },
    {
      "definition": {
        "conditionField": undefined,
        "external": undefined,
        "fields": [
          {
            "fields": [
              {
                "aggregator": undefined,
                "field": [
                  "[literalField paleoContextName]",
                ],
                "fieldFormatter": undefined,
                "formatter": undefined,
                "separator": "",
              },
              {
                "aggregator": undefined,
                "field": [
                  "[relationship chronosStrat]",
                  "[literalField fullName]",
                ],
                "fieldFormatter": undefined,
                "formatter": undefined,
                "separator": ",",
              },
              {
                "aggregator": undefined,
                "field": [
                  "[relationship lithoStrat]",
                  "[literalField fullName]",
                ],
                "fieldFormatter": undefined,
                "formatter": undefined,
                "separator": ",",
              },
            ],
            "value": undefined,
          },
        ],
        "isSingle": undefined,
      },
      "isDefault": true,
      "name": "PaleoContext",
      "tableName": "PaleoContext",
      "title": "PaleoContext",
    },
    {
      "definition": {
        "conditionField": undefined,
        "external": undefined,
        "fields": [
          {
            "fields": [
              {
                "aggregator": undefined,
                "field": [
                  "[literalField permitNumber]",
                ],
                "fieldFormatter": undefined,
                "formatter": undefined,
                "separator": "",
              },
            ],
            "value": undefined,
          },
        ],
        "isSingle": undefined,
      },
      "isDefault": true,
      "name": "Permit",
      "tableName": "Permit",
      "title": "Permit",
    },
    {
      "definition": {
        "conditionField": undefined,
        "external": undefined,
        "fields": [
          {
            "fields": [
              {
                "aggregator": undefined,
                "field": [
                  "[literalField name]",
                ],
                "fieldFormatter": undefined,
                "formatter": undefined,
                "separator": "",
              },
            ],
            "value": undefined,
          },
        ],
        "isSingle": undefined,
      },
      "isDefault": true,
      "name": "PrepType",
      "tableName": "PrepType",
      "title": "PrepType",
    },
    {
      "definition": {
        "conditionField": undefined,
        "external": undefined,
        "fields": [
          {
            "fields": [
              {
                "aggregator": undefined,
                "field": [
                  "[relationship prepType]",
                ],
                "fieldFormatter": undefined,
                "formatter": "PrepType",
                "separator": "",
              },
              {
                "aggregator": undefined,
                "field": [
                  "[literalField countAmt]",
                ],
                "fieldFormatter": undefined,
                "formatter": undefined,
                "separator": "-",
              },
            ],
            "value": undefined,
          },
        ],
        "isSingle": undefined,
      },
      "isDefault": true,
      "name": "Preparation",
      "tableName": "Preparation",
      "title": "Preparation",
    },
    {
      "definition": {
        "conditionField": undefined,
        "external": undefined,
        "fields": [
          {
            "fields": [
              {
                "aggregator": undefined,
                "field": [
                  "[literalField title]",
                ],
                "fieldFormatter": undefined,
                "formatter": undefined,
                "separator": "",
              },
            ],
            "value": undefined,
          },
        ],
        "isSingle": undefined,
      },
      "isDefault": true,
      "name": "ReferenceWork",
      "tableName": "ReferenceWork",
      "title": "ReferenceWork",
    },
    {
      "definition": {
        "conditionField": undefined,
        "external": undefined,
        "fields": [
          {
            "fields": [
              {
                "aggregator": undefined,
                "field": [
                  "[literalField shipmentDate]",
                ],
                "fieldFormatter": undefined,
                "formatter": undefined,
                "separator": "",
              },
              {
                "aggregator": undefined,
                "field": [
                  "[literalField shipmentNumber]",
                ],
                "fieldFormatter": undefined,
                "formatter": undefined,
                "separator": "-",
              },
              {
                "aggregator": undefined,
                "field": [
                  "[literalField shipmentMethod]",
                ],
                "fieldFormatter": undefined,
                "formatter": undefined,
                "separator": "-",
              },
            ],
            "value": undefined,
          },
        ],
        "isSingle": undefined,
      },
      "isDefault": true,
      "name": "Shipment",
      "tableName": "Shipment",
      "title": "Shipment",
    },
    {
      "definition": {
        "conditionField": undefined,
        "external": undefined,
        "fields": [
          {
            "fields": [
              {
                "aggregator": undefined,
                "field": [
                  "[literalField fullName]",
                ],
                "fieldFormatter": undefined,
                "formatter": undefined,
                "separator": "",
              },
            ],
            "value": undefined,
          },
        ],
        "isSingle": undefined,
      },
      "isDefault": true,
      "name": "Storage",
      "tableName": "Storage",
      "title": "Storage",
    },
    {
      "definition": {
        "conditionField": undefined,
        "external": undefined,
        "fields": [
          {
            "fields": [
              {
                "aggregator": undefined,
                "field": [
                  "[literalField name]",
                ],
                "fieldFormatter": undefined,
                "formatter": undefined,
                "separator": "",
              },
            ],
            "value": undefined,
          },
        ],
        "isSingle": undefined,
      },
      "isDefault": true,
      "name": "StorageTreeDef",
      "tableName": "StorageTreeDef",
      "title": "StorageTreeDef",
    },
    {
      "definition": {
        "conditionField": undefined,
        "external": undefined,
        "fields": [
          {
            "fields": [
              {
                "aggregator": undefined,
                "field": [
                  "[literalField name]",
                ],
                "fieldFormatter": undefined,
                "formatter": undefined,
                "separator": "",
              },
            ],
            "value": undefined,
          },
        ],
        "isSingle": undefined,
      },
      "isDefault": true,
      "name": "StorageTreeDefItem",
      "tableName": "StorageTreeDefItem",
      "title": "StorageTreeDefItem",
    },
    {
      "definition": {
        "conditionField": undefined,
        "external": undefined,
        "fields": [
          {
            "fields": [
              {
                "aggregator": undefined,
                "field": [
                  "[literalField fullName]",
                ],
                "fieldFormatter": undefined,
                "formatter": undefined,
                "separator": "",
              },
            ],
            "value": undefined,
          },
        ],
        "isSingle": undefined,
      },
      "isDefault": true,
      "name": "Taxon",
      "tableName": "Taxon",
      "title": "Taxon",
    },
    {
      "definition": {
        "conditionField": undefined,
        "external": undefined,
        "fields": [
          {
            "fields": [
              {
                "aggregator": undefined,
                "field": [
                  "[relationship referenceWork]",
                ],
                "fieldFormatter": undefined,
                "formatter": "ReferenceWork",
                "separator": "",
              },
            ],
            "value": undefined,
          },
        ],
        "isSingle": undefined,
      },
      "isDefault": true,
      "name": "TaxonCitation",
      "tableName": "TaxonCitation",
      "title": "TaxonCitation",
    },
    {
      "definition": {
        "conditionField": undefined,
        "external": undefined,
        "fields": [
          {
            "fields": [
              {
                "aggregator": undefined,
                "field": [
                  "[literalField name]",
                ],
                "fieldFormatter": undefined,
                "formatter": undefined,
                "separator": "",
              },
            ],
            "value": undefined,
          },
        ],
        "isSingle": undefined,
      },
      "isDefault": true,
      "name": "TaxonTreeDef",
      "tableName": "TaxonTreeDef",
      "title": "TaxonTreeDef",
    },
    {
      "definition": {
        "conditionField": undefined,
        "external": undefined,
        "fields": [
          {
            "fields": [
              {
                "aggregator": undefined,
                "field": [
                  "[literalField name]",
                ],
                "fieldFormatter": undefined,
                "formatter": undefined,
                "separator": "",
              },
            ],
            "value": undefined,
          },
        ],
        "isSingle": undefined,
      },
      "isDefault": true,
      "name": "TaxonTreeDefItem",
      "tableName": "TaxonTreeDefItem",
      "title": "TaxonTreeDefItem",
    },
    {
      "definition": {
        "conditionField": undefined,
        "external": undefined,
        "fields": [
          {
            "fields": [
              {
                "aggregator": undefined,
                "field": [
                  "[literalField projectNumber]",
                ],
                "fieldFormatter": undefined,
                "formatter": undefined,
                "separator": "institutionCode=",
              },
              {
                "aggregator": undefined,
                "field": [
                  "[literalField grantAgency]",
                ],
                "fieldFormatter": undefined,
                "formatter": undefined,
                "separator": "&collectionCode=",
              },
              {
                "aggregator": undefined,
                "field": [
                  "[literalField projectName]",
                ],
                "fieldFormatter": undefined,
                "formatter": undefined,
                "separator": "&catalogNumber=",
              },
              {
                "aggregator": undefined,
                "field": [
                  "[literalField url]",
                ],
                "fieldFormatter": undefined,
                "formatter": undefined,
                "separator": "&accesspoint=",
              },
            ],
            "value": undefined,
          },
        ],
        "isSingle": undefined,
      },
      "isDefault": true,
      "name": "Voucher",
      "tableName": "Project",
      "title": "Voucher",
    },
    {
      "definition": {
        "conditionField": undefined,
        "external": undefined,
        "fields": [
          {
            "fields": [
              {
                "aggregator": undefined,
                "field": [
                  "[literalField institutionCode]",
                ],
                "fieldFormatter": undefined,
                "formatter": undefined,
                "separator": "institutionCode=",
              },
              {
                "aggregator": undefined,
                "field": [
                  "[literalField collectionCode]",
                ],
                "fieldFormatter": undefined,
                "formatter": undefined,
                "separator": "&collectionCode=",
              },
              {
                "aggregator": undefined,
                "field": [
                  "[literalField voucherNumber]",
                ],
                "fieldFormatter": undefined,
                "formatter": undefined,
                "separator": "&catalogNumber=",
              },
              {
                "aggregator": undefined,
                "field": [
                  "[literalField urlLink]",
                ],
                "fieldFormatter": undefined,
                "formatter": undefined,
                "separator": "&accesspoint=",
              },
            ],
            "value": undefined,
          },
        ],
        "isSingle": undefined,
      },
      "isDefault": true,
      "name": "Voucher relationship",
      "tableName": "VoucherRelationship",
      "title": "VoucherRelationship",
    },
  ],
}
`;
