// Jest Snapshot v1, https://goo.gl/fbAQLP

exports[`formatters are fetched and parsed correctly 1`] = `
{
  "aggregators": [
    {
      "formatter": "AccessionAgent",
      "isDefault": true,
      "limit": undefined,
      "name": "AccessionAgent",
      "separator": "; ",
      "sortField": undefined,
      "suffix": "",
      "table": "[table AccessionAgent]",
      "title": "AccessionAgent",
    },
    {
      "formatter": "identity",
      "isDefault": true,
      "limit": undefined,
      "name": "AccessionAttachment",
      "separator": "; ",
      "sortField": [
        "[literalField AccessionAttachment.ordinal]",
      ],
      "suffix": "",
      "table": "[table AccessionAttachment]",
      "title": "AccessionAttachment",
    },
    {
      "formatter": "AccessionAuthorization",
      "isDefault": true,
      "limit": undefined,
      "name": "AccessionAuthorization",
      "separator": "; ",
      "sortField": undefined,
      "suffix": "",
      "table": "[table AccessionAuthorization]",
      "title": "AccessionAuthorization",
    },
    {
      "formatter": "Address",
      "isDefault": true,
      "limit": undefined,
      "name": "Address",
      "separator": "; ",
      "sortField": undefined,
      "suffix": "",
      "table": "[table Address]",
      "title": "Address",
    },
    {
      "formatter": "identity",
      "isDefault": true,
      "limit": undefined,
      "name": "AgentAttachment",
      "separator": "; ",
      "sortField": [
        "[literalField AgentAttachment.ordinal]",
      ],
      "suffix": "",
      "table": "[table AgentAttachment]",
      "title": "AgentAttachment",
    },
    {
      "formatter": "Author",
      "isDefault": true,
      "limit": undefined,
      "name": "Author",
      "separator": "; ",
      "sortField": [
        "[literalField Author.orderNumber]",
      ],
      "suffix": "",
      "table": "[table Author]",
      "title": "Author",
    },
    {
      "formatter": "identity",
      "isDefault": true,
      "limit": undefined,
      "name": "BorrowAttachment",
      "separator": "; ",
      "sortField": [
        "[literalField BorrowAttachment.ordinal]",
      ],
      "suffix": "",
      "table": "[table BorrowAttachment]",
      "title": "BorrowAttachment",
    },
    {
      "formatter": "Citation",
      "isDefault": true,
      "limit": 0,
      "name": "Citation",
      "separator": " | ",
      "sortField": undefined,
      "suffix": "",
      "table": "[table CollectionObjectCitation]",
      "title": "Citation",
    },
    {
      "formatter": "identity",
      "isDefault": true,
      "limit": undefined,
      "name": "CollectingEventAttachment",
      "separator": "; ",
      "sortField": [
        "[literalField CollectingEventAttachment.ordinal]",
      ],
      "suffix": "",
      "table": "[table CollectingEventAttachment]",
      "title": "CollectingEventAttachment",
    },
    {
      "formatter": "CollectionObject",
      "isDefault": true,
      "limit": undefined,
      "name": "CollectionObject",
      "separator": "; ",
      "sortField": undefined,
      "suffix": "",
      "table": "[table CollectionObject]",
      "title": "CollectionObject",
    },
    {
      "formatter": "COattachment",
      "isDefault": true,
      "limit": 0,
      "name": "CollectionObjectAttachment",
      "separator": " | ",
      "sortField": [
        "[literalField CollectionObjectAttachment.ordinal]",
      ],
      "suffix": "",
      "table": "[table CollectionObjectAttachment]",
      "title": "CollectionObjectAttachment",
    },
    {
      "formatter": "Collector",
      "isDefault": true,
      "limit": undefined,
      "name": "Collector",
      "separator": "; ",
      "sortField": [
        "[literalField Collector.orderNumber]",
      ],
      "suffix": "",
      "table": "[table Collector]",
      "title": "Collector",
    },
    {
      "formatter": "identity",
      "isDefault": true,
      "limit": undefined,
      "name": "ConservDescriptionAttachment",
      "separator": "; ",
      "sortField": [
        "[literalField ConservDescriptionAttachment.ordinal]",
      ],
      "suffix": "",
      "table": "[table ConservDescriptionAttachment]",
      "title": "ConservDescriptionAttachment",
    },
    {
      "formatter": "identity",
      "isDefault": true,
      "limit": undefined,
      "name": "ConservEventAttachment",
      "separator": "; ",
      "sortField": [
        "[literalField ConservEventAttachment.ordinal]",
      ],
      "suffix": "",
      "table": "[table ConservEventAttachment]",
      "title": "ConservEventAttachment",
    },
    {
      "formatter": "identity",
      "isDefault": true,
      "limit": undefined,
      "name": "DNASequenceAttachment",
      "separator": "; ",
      "sortField": [
        "[literalField DNASequenceAttachment.ordinal]",
      ],
      "suffix": "",
      "table": "[table DNASequenceAttachment]",
      "title": "DNASequenceAttachment",
    },
    {
      "formatter": "identity",
      "isDefault": true,
      "limit": undefined,
      "name": "DNASequencingRunAttachment",
      "separator": "; ",
      "sortField": [
        "[literalField DNASequencingRunAttachment.ordinal]",
      ],
      "suffix": "",
      "table": "[table DNASequencingRunAttachment]",
      "title": "DNASequencingRunAttachment",
    },
    {
      "formatter": "DNAsequence",
      "isDefault": true,
      "limit": 0,
      "name": "DNAsequence",
      "separator": "| ",
      "sortField": undefined,
      "suffix": "",
      "table": "[table DNASequence]",
      "title": "DNAsequence",
    },
    {
      "formatter": "Determination",
      "isDefault": true,
      "limit": 1,
      "name": "Determination",
      "separator": "; ",
      "sortField": undefined,
      "suffix": "",
      "table": "[table Determination]",
      "title": "Determination",
    },
    {
      "formatter": "identity",
      "isDefault": true,
      "limit": undefined,
      "name": "FieldNotebookAttachment",
      "separator": "; ",
      "sortField": [
        "[literalField FieldNotebookAttachment.ordinal]",
      ],
      "suffix": "",
      "table": "[table FieldNotebookAttachment]",
      "title": "FieldNotebookAttachment",
    },
    {
      "formatter": "identity",
      "isDefault": true,
      "limit": undefined,
      "name": "FieldNotebookPageAttachment",
      "separator": "; ",
      "sortField": [
        "[literalField FieldNotebookPageAttachment.ordinal]",
      ],
      "suffix": "",
      "table": "[table FieldNotebookPageAttachment]",
      "title": "FieldNotebookPageAttachment",
    },
    {
      "formatter": "identity",
      "isDefault": true,
      "limit": undefined,
      "name": "FieldNotebookPageSetAttachment",
      "separator": "; ",
      "sortField": [
        "[literalField FieldNotebookPageSetAttachment.ordinal]",
      ],
      "suffix": "",
      "table": "[table FieldNotebookPageSetAttachment]",
      "title": "FieldNotebookPageSetAttachment",
    },
    {
      "formatter": "FundingAgent",
      "isDefault": true,
      "limit": undefined,
      "name": "FundingAgent",
      "separator": "; ",
      "sortField": [
        "[literalField FundingAgent.orderNumber]",
      ],
      "suffix": "",
      "table": "[table FundingAgent]",
      "title": "FundingAgent",
    },
    {
      "formatter": "LoanAgent",
      "isDefault": true,
      "limit": undefined,
      "name": "GiftAttachment",
      "separator": "; ",
      "sortField": undefined,
      "suffix": "",
      "table": "[table GiftAttachment]",
      "title": "GiftAttachment",
    },
    {
      "formatter": "LoanAgent",
      "isDefault": true,
      "limit": undefined,
      "name": "LoanAgent",
      "separator": "; ",
      "sortField": undefined,
      "suffix": "",
      "table": "[table LoanAgent]",
      "title": "LoanAgent",
    },
    {
      "formatter": "identity",
      "isDefault": true,
      "limit": undefined,
      "name": "LoanAttachment",
      "separator": "; ",
      "sortField": [
        "[literalField LoanAttachment.ordinal]",
      ],
      "suffix": "",
      "table": "[table LoanAttachment]",
      "title": "LoanAttachment",
    },
    {
      "formatter": "LoanPreparation",
      "isDefault": true,
      "limit": 0,
      "name": "LoanPrep",
      "separator": "; ",
      "sortField": undefined,
      "suffix": "",
      "table": "[table LoanPreparation]",
      "title": "LoanPrep",
    },
    {
      "formatter": "LoanReturnPreparation",
      "isDefault": true,
      "limit": 0,
      "name": "LoanReturnPrep",
      "separator": "; ",
      "sortField": undefined,
      "suffix": "",
      "table": "[table LoanReturnPreparation]",
      "title": "Loan Return Prep",
    },
    {
      "formatter": "identity",
      "isDefault": true,
      "limit": undefined,
      "name": "LocalityAttachment",
      "separator": "; ",
      "sortField": [
        "[literalField LocalityAttachment.ordinal]",
      ],
      "suffix": "",
      "table": "[table LocalityAttachment]",
      "title": "LocalityAttachment",
    },
    {
      "formatter": "identity",
      "isDefault": true,
      "limit": undefined,
      "name": "PermitAttachment",
      "separator": "; ",
      "sortField": [
        "[literalField PermitAttachment.ordinal]",
      ],
      "suffix": "",
      "table": "[table PermitAttachment]",
      "title": "PermitAttachment",
    },
    {
      "formatter": "Preparation",
      "isDefault": true,
      "limit": undefined,
      "name": "Preparation",
      "separator": "; ",
      "sortField": undefined,
      "suffix": "",
      "table": "[table Preparation]",
      "title": "Preparation",
    },
    {
      "formatter": "identity",
      "isDefault": true,
      "limit": undefined,
      "name": "PreparationAttachment",
      "separator": "; ",
      "sortField": [
        "[literalField PreparationAttachment.ordinal]",
      ],
      "suffix": "",
      "table": "[table PreparationAttachment]",
      "title": "PreparationAttachment",
    },
    {
      "formatter": "identity",
      "isDefault": true,
      "limit": undefined,
      "name": "ReferenceWorkAttachment",
      "separator": "; ",
      "sortField": [
        "[literalField ReferenceWorkAttachment.ordinal]",
      ],
      "suffix": "",
      "table": "[table ReferenceWorkAttachment]",
      "title": "ReferenceWorkAttachment",
    },
    {
      "formatter": "identity",
      "isDefault": true,
      "limit": undefined,
      "name": "RepositoryAgreementAttachment",
      "separator": "; ",
      "sortField": [
        "[literalField RepositoryAgreementAttachment.ordinal]",
      ],
      "suffix": "",
      "table": "[table RepositoryAgreementAttachment]",
      "title": "RepositoryAgreementAttachment",
    },
    {
      "formatter": "identity",
      "isDefault": true,
      "limit": undefined,
      "name": "TaxonAttachment",
      "separator": "; ",
      "sortField": [
        "[literalField TaxonAttachment.ordinal]",
      ],
      "suffix": "",
      "table": "[table TaxonAttachment]",
      "title": "TaxonAttachment",
    },
    {
      "formatter": "Voucher relationship",
      "isDefault": true,
      "limit": 0,
      "name": "Voucher Relationship",
      "separator": ";",
      "sortField": [
        "[literalField VoucherRelationship.institutionCode]",
      ],
      "suffix": "",
      "table": "[table VoucherRelationship]",
      "title": "VoucherRelationship",
    },
  ],
  "formatters": [
    {
      "definition": {
        "conditionField": undefined,
        "external": undefined,
        "fields": [
          {
            "fields": [
              {
                "aggregator": undefined,
                "field": [
                  "[literalField Accession.accessionNumber]",
                ],
                "fieldFormatter": undefined,
                "formatter": undefined,
                "separator": "",
              },
            ],
            "value": undefined,
          },
        ],
        "isSingle": true,
      },
      "isDefault": true,
      "name": "Accession",
      "table": "[table Accession]",
      "title": "Accession",
    },
    {
      "definition": {
        "conditionField": undefined,
        "external": undefined,
        "fields": [
          {
            "fields": [
              {
                "aggregator": undefined,
                "field": [
                  "[relationship AccessionAgent.agent]",
                ],
                "fieldFormatter": undefined,
                "formatter": "Agent",
                "separator": "",
              },
              {
                "aggregator": undefined,
                "field": [
                  "[literalField AccessionAgent.role]",
                ],
                "fieldFormatter": undefined,
                "formatter": undefined,
                "separator": " - ",
              },
            ],
            "value": undefined,
          },
        ],
        "isSingle": true,
      },
      "isDefault": true,
      "name": "AccessionAgent",
      "table": "[table AccessionAgent]",
      "title": "AccessionAgent",
    },
    {
      "definition": {
        "conditionField": undefined,
        "external": undefined,
        "fields": [
          {
            "fields": [
              {
                "aggregator": undefined,
                "field": [
                  "[relationship AccessionAuthorization.accession]",
                  "[literalField Accession.accessionNumber]",
                ],
                "fieldFormatter": undefined,
                "formatter": undefined,
                "separator": "",
              },
            ],
            "value": undefined,
          },
        ],
        "isSingle": true,
      },
      "isDefault": true,
      "name": "AccessionAuthorization",
      "table": "[table AccessionAuthorization]",
      "title": "AccessionAuthorization",
    },
    {
      "definition": {
        "conditionField": undefined,
        "external": undefined,
        "fields": [
          {
            "fields": [
              {
                "aggregator": undefined,
                "field": [
                  "[literalField Address.address]",
                ],
                "fieldFormatter": undefined,
                "formatter": undefined,
                "separator": "",
              },
              {
                "aggregator": undefined,
                "field": [
                  "[literalField Address.address2]",
                ],
                "fieldFormatter": undefined,
                "formatter": undefined,
                "separator": " ",
              },
              {
                "aggregator": undefined,
                "field": [
                  "[literalField Address.city]",
                ],
                "fieldFormatter": undefined,
                "formatter": undefined,
                "separator": ", ",
              },
              {
                "aggregator": undefined,
                "field": [
                  "[literalField Address.state]",
                ],
                "fieldFormatter": undefined,
                "formatter": undefined,
                "separator": ", ",
              },
              {
                "aggregator": undefined,
                "field": [
                  "[literalField Address.postalCode]",
                ],
                "fieldFormatter": undefined,
                "formatter": undefined,
                "separator": " ",
              },
            ],
            "value": undefined,
          },
        ],
        "isSingle": true,
      },
      "isDefault": true,
      "name": "Address",
      "table": "[table Address]",
      "title": "Address",
    },
    {
      "definition": {
        "conditionField": [
          "[literalField Agent.agentType]",
        ],
        "external": undefined,
        "fields": [
          {
            "fields": [
              {
                "aggregator": undefined,
                "field": [
                  "[literalField Agent.lastName]",
                ],
                "fieldFormatter": undefined,
                "formatter": undefined,
                "separator": "",
              },
            ],
            "value": "0",
          },
          {
            "fields": [
              {
                "aggregator": undefined,
                "field": [
                  "[literalField Agent.lastName]",
                ],
                "fieldFormatter": undefined,
                "formatter": undefined,
                "separator": "",
              },
              {
                "aggregator": undefined,
                "field": [
                  "[literalField Agent.firstName]",
                ],
                "fieldFormatter": undefined,
                "formatter": undefined,
                "separator": ", ",
              },
              {
                "aggregator": undefined,
                "field": [
                  "[literalField Agent.middleInitial]",
                ],
                "fieldFormatter": undefined,
                "formatter": undefined,
                "separator": " ",
              },
            ],
            "value": "1",
          },
          {
            "fields": [
              {
                "aggregator": undefined,
                "field": [
                  "[literalField Agent.lastName]",
                ],
                "fieldFormatter": undefined,
                "formatter": undefined,
                "separator": "",
              },
            ],
            "value": "2",
          },
          {
            "fields": [
              {
                "aggregator": undefined,
                "field": [
                  "[literalField Agent.lastName]",
                ],
                "fieldFormatter": undefined,
                "formatter": undefined,
                "separator": "",
              },
            ],
            "value": "3",
          },
        ],
        "isSingle": false,
      },
      "isDefault": true,
      "name": "Agent",
      "table": "[table Agent]",
      "title": "Agent",
    },
    {
      "definition": {
        "conditionField": undefined,
        "external": undefined,
        "fields": [
          {
            "fields": [
              {
                "aggregator": undefined,
                "field": [
                  "[literalField Attachment.attachmentLocation]",
                ],
                "fieldFormatter": undefined,
                "formatter": undefined,
                "separator": "http://biimages.biodiversity.ku.edu/static/Ichthyology/originals/",
              },
            ],
            "value": undefined,
          },
        ],
        "isSingle": true,
      },
      "isDefault": true,
      "name": "Attachment",
      "table": "[table Attachment]",
      "title": "Attachment",
    },
    {
      "definition": {
        "conditionField": undefined,
        "external": undefined,
        "fields": [
          {
            "fields": [
              {
                "aggregator": undefined,
                "field": [
                  "[relationship Author.agent]",
                ],
                "fieldFormatter": undefined,
                "formatter": "Agent",
                "separator": "",
              },
            ],
            "value": undefined,
          },
        ],
        "isSingle": true,
      },
      "isDefault": true,
      "name": "Author",
      "table": "[table Author]",
      "title": "Author",
    },
    {
      "definition": {
        "conditionField": undefined,
        "external": undefined,
        "fields": [
          {
            "fields": [
              {
                "aggregator": undefined,
                "field": [
                  "[literalField AutoNumberingScheme.schemeName]",
                ],
                "fieldFormatter": undefined,
                "formatter": undefined,
                "separator": "",
              },
            ],
            "value": undefined,
          },
        ],
        "isSingle": true,
      },
      "isDefault": true,
      "name": "AutoNumberingScheme",
      "table": "[table AutoNumberingScheme]",
      "title": "AutoNumberingScheme",
    },
    {
      "definition": {
        "conditionField": undefined,
        "external": undefined,
        "fields": [
          {
            "fields": [
              {
                "aggregator": undefined,
                "field": [
                  "[literalField Borrow.receivedDate]",
                ],
                "fieldFormatter": undefined,
                "formatter": undefined,
                "separator": "",
              },
            ],
            "value": undefined,
          },
        ],
        "isSingle": true,
      },
      "isDefault": true,
      "name": "Borrow",
      "table": "[table Borrow]",
      "title": "Borrow",
    },
    {
      "definition": {
        "conditionField": undefined,
        "external": undefined,
        "fields": [
          {
            "fields": [
              {
                "aggregator": undefined,
                "field": [
                  "[relationship CollectionObjectAttachment.attachment]",
                  "[literalField Attachment.attachmentLocation]",
                ],
                "fieldFormatter": undefined,
                "formatter": undefined,
                "separator": "http://biimages.biodiversity.ku.edu/static/Ichthyology/originals/",
              },
            ],
            "value": undefined,
          },
        ],
        "isSingle": true,
      },
      "isDefault": true,
      "name": "COattachment",
      "table": "[table CollectionObjectAttachment]",
      "title": "COattachment",
    },
    {
      "definition": {
        "conditionField": undefined,
        "external": undefined,
        "fields": [
          {
            "fields": [
              {
                "aggregator": undefined,
                "field": [
                  "[relationship CollectionObjectCitation.referenceWork]",
                  "[literalField ReferenceWork.url]",
                ],
                "fieldFormatter": undefined,
                "formatter": undefined,
                "separator": "",
              },
            ],
            "value": undefined,
          },
        ],
        "isSingle": true,
      },
      "isDefault": true,
      "name": "Citation",
      "table": "[table CollectionObjectCitation]",
      "title": "Citation",
    },
    {
      "definition": {
        "conditionField": undefined,
        "external": undefined,
        "fields": [
          {
            "fields": [
              {
                "aggregator": undefined,
                "field": [
                  "[literalField CollectingEvent.stationFieldNumber]",
                ],
                "fieldFormatter": undefined,
                "formatter": undefined,
                "separator": "",
              },
              {
                "aggregator": undefined,
                "field": [
                  "[literalField CollectingEvent.startDate]",
                ],
                "fieldFormatter": undefined,
                "formatter": undefined,
                "separator": ": ",
              },
              {
                "aggregator": undefined,
                "field": [
                  "[relationship CollectingEvent.locality]",
                  "[relationship Locality.geography]",
                  "[literalField Geography.fullName]",
                ],
                "fieldFormatter": undefined,
                "formatter": undefined,
                "separator": ": ",
              },
              {
                "aggregator": undefined,
                "field": [
                  "[relationship CollectingEvent.locality]",
                  "[literalField Locality.localityName]",
                ],
                "fieldFormatter": undefined,
                "formatter": undefined,
                "separator": ": ",
              },
              {
                "aggregator": undefined,
                "field": [
                  "[relationship CollectingEvent.locality]",
                  "[literalField Locality.latitude1]",
                ],
                "fieldFormatter": undefined,
                "formatter": undefined,
                "separator": ": ",
              },
              {
                "aggregator": undefined,
                "field": [
                  "[relationship CollectingEvent.locality]",
                  "[literalField Locality.longitude1]",
                ],
                "fieldFormatter": undefined,
                "formatter": undefined,
                "separator": ": ",
              },
            ],
            "value": undefined,
          },
        ],
        "isSingle": true,
      },
      "isDefault": false,
      "name": "CollectingEvent",
      "table": "[table CollectingEvent]",
      "title": "CollectingEvent",
    },
    {
      "definition": {
        "conditionField": undefined,
        "external": {
          "attributes": {
            "class": "edu.ku.brc.specify.ui.CollectingEventDataObjFmt",
          },
          "children": {
            "param": [
              {
                "attributes": {
                  "name": "format",
                },
                "children": {},
                "tagName": "param",
                "text": "FN; DT; LC; LA, LO; CO, ST, CT",
                "type": "SimpleXmlNode",
              },
            ],
          },
          "tagName": "external",
          "text": undefined,
          "type": "SimpleXmlNode",
        },
        "fields": [],
        "isSingle": true,
      },
      "isDefault": true,
      "name": "CollectingEventDetail",
      "table": "[table CollectingEvent]",
      "title": "CollectingEventDetail",
    },
    {
      "definition": {
        "conditionField": undefined,
        "external": undefined,
        "fields": [
          {
            "fields": [
              {
                "aggregator": undefined,
                "field": [
                  "[literalField CollectingEvent.stationFieldNumber]",
                ],
                "fieldFormatter": undefined,
                "formatter": undefined,
                "separator": "",
              },
              {
                "aggregator": undefined,
                "field": [
                  "[literalField CollectingEvent.startDate]",
                ],
                "fieldFormatter": undefined,
                "formatter": undefined,
                "separator": ", ",
              },
            ],
            "value": undefined,
          },
        ],
        "isSingle": true,
      },
      "isDefault": false,
      "name": "CollectingEventSFN",
      "table": "[table CollectingEvent]",
      "title": "CollectingEventSFN",
    },
    {
      "definition": {
        "conditionField": undefined,
        "external": {
          "attributes": {
            "class": "edu.ku.brc.specify.ui.CollectingEventDataObjFmt",
          },
          "children": {
            "param": [
              {
                "attributes": {
                  "name": "format",
                },
                "children": {},
                "tagName": "param",
                "text": "FN; DT; LC; LA, LO; CO, ST, CT",
                "type": "SimpleXmlNode",
              },
            ],
          },
          "tagName": "external",
          "text": undefined,
          "type": "SimpleXmlNode",
        },
        "fields": [],
        "isSingle": true,
      },
      "isDefault": false,
      "name": "CollectingEventStartDate",
      "table": "[table CollectingEvent]",
      "title": "CollectingEventStartDate",
    },
    {
      "definition": {
        "conditionField": undefined,
        "external": undefined,
        "fields": [
          {
            "fields": [
              {
                "aggregator": undefined,
                "field": [
                  "[literalField CollectingTrip.text1]",
                ],
                "fieldFormatter": undefined,
                "formatter": undefined,
                "separator": "",
              },
              {
                "aggregator": undefined,
                "field": [
                  "[literalField CollectingTrip.text2]",
                ],
                "fieldFormatter": undefined,
                "formatter": undefined,
                "separator": ": ",
              },
              {
                "aggregator": undefined,
                "field": [
                  "[literalField CollectingTrip.number1]",
                ],
                "fieldFormatter": undefined,
                "formatter": undefined,
                "separator": ": ",
              },
            ],
            "value": undefined,
          },
        ],
        "isSingle": true,
      },
      "isDefault": true,
      "name": "CollectingTrip",
      "table": "[table CollectingTrip]",
      "title": "CollectingTrip",
    },
    {
      "definition": {
        "conditionField": undefined,
        "external": undefined,
        "fields": [
          {
            "fields": [
              {
                "aggregator": undefined,
                "field": [
                  "[literalField Collection.collectionName]",
                ],
                "fieldFormatter": undefined,
                "formatter": undefined,
                "separator": "",
              },
            ],
            "value": undefined,
          },
        ],
        "isSingle": true,
      },
      "isDefault": true,
      "name": "Collection",
      "table": "[table Collection]",
      "title": "Collection",
    },
    {
      "definition": {
        "conditionField": undefined,
        "external": undefined,
        "fields": [
          {
            "fields": [
              {
                "aggregator": undefined,
                "field": [
                  "[literalField CollectionObject.catalogNumber]",
                ],
                "fieldFormatter": "CatalogNumber",
                "formatter": undefined,
                "separator": "",
              },
            ],
            "value": undefined,
          },
        ],
        "isSingle": true,
      },
      "isDefault": true,
      "name": "CollectionObject",
      "table": "[table CollectionObject]",
      "title": "CollectionObject",
    },
    {
      "definition": {
        "conditionField": undefined,
        "external": undefined,
        "fields": [
          {
            "fields": [
              {
                "aggregator": undefined,
                "field": [
                  "[literalField CollectionRelType.name]",
                ],
                "fieldFormatter": undefined,
                "formatter": undefined,
                "separator": "",
              },
            ],
            "value": undefined,
          },
        ],
        "isSingle": true,
      },
      "isDefault": true,
      "name": "CollectionRelType",
      "table": "[table CollectionRelType]",
      "title": "CollectionRelType",
    },
    {
      "definition": {
        "conditionField": undefined,
        "external": undefined,
        "fields": [
          {
            "fields": [
              {
                "aggregator": undefined,
                "field": [
                  "[relationship Collector.agent]",
                ],
                "fieldFormatter": undefined,
                "formatter": "Agent",
                "separator": "",
              },
            ],
            "value": undefined,
          },
        ],
        "isSingle": true,
      },
      "isDefault": true,
      "name": "Collector",
      "table": "[table Collector]",
      "title": "Collector",
    },
    {
      "definition": {
        "conditionField": undefined,
        "external": undefined,
        "fields": [
          {
            "fields": [
              {
                "aggregator": undefined,
                "field": [
                  "[literalField Container.name]",
                ],
                "fieldFormatter": undefined,
                "formatter": undefined,
                "separator": "",
              },
            ],
            "value": undefined,
          },
        ],
        "isSingle": true,
      },
      "isDefault": true,
      "name": "Container",
      "table": "[table Container]",
      "title": "Container",
    },
    {
      "definition": {
        "conditionField": undefined,
        "external": undefined,
        "fields": [
          {
            "fields": [
              {
                "aggregator": undefined,
                "field": [
                  "[literalField DNAPrimer.primerDesignator]",
                ],
                "fieldFormatter": undefined,
                "formatter": undefined,
                "separator": "",
              },
            ],
            "value": undefined,
          },
        ],
        "isSingle": true,
      },
      "isDefault": true,
      "name": "DNAPrimer",
      "table": "[table DNAPrimer]",
      "title": "DNAPrimer",
    },
    {
      "definition": {
        "conditionField": undefined,
        "external": undefined,
        "fields": [
          {
            "fields": [
              {
                "aggregator": undefined,
                "field": [
                  "[literalField DNASequence.text2]",
                ],
                "fieldFormatter": undefined,
                "formatter": undefined,
                "separator": "https://www.ncbi.nlm.nih.gov/nuccore/",
              },
            ],
            "value": undefined,
          },
        ],
        "isSingle": true,
      },
      "isDefault": true,
      "name": "DNAsequence",
      "table": "[table DNASequence]",
      "title": "DNAsequence",
    },
    {
      "definition": {
        "conditionField": undefined,
        "external": undefined,
        "fields": [
          {
            "fields": [
              {
                "aggregator": undefined,
                "field": [
                  "[literalField DataType.name]",
                ],
                "fieldFormatter": undefined,
                "formatter": undefined,
                "separator": "",
              },
            ],
            "value": undefined,
          },
        ],
        "isSingle": true,
      },
      "isDefault": true,
      "name": "DataType",
      "table": "[table DataType]",
      "title": "DataType",
    },
    {
      "definition": {
        "conditionField": undefined,
        "external": undefined,
        "fields": [
          {
            "fields": [
              {
                "aggregator": undefined,
                "field": [
                  "[literalField Deaccession.deaccessionNumber]",
                ],
                "fieldFormatter": undefined,
                "formatter": undefined,
                "separator": "",
              },
            ],
            "value": undefined,
          },
        ],
        "isSingle": true,
      },
      "isDefault": true,
      "name": "Deaccession",
      "table": "[table Deaccession]",
      "title": "Deaccession",
    },
    {
      "definition": {
        "conditionField": [
          "[literalField Determination.isCurrent]",
        ],
        "external": undefined,
        "fields": [
          {
            "fields": [
              {
                "aggregator": undefined,
                "field": [
                  "[relationship Determination.preferredTaxon]",
                  "[literalField Taxon.fullName]",
                ],
                "fieldFormatter": undefined,
                "formatter": undefined,
                "separator": "",
              },
            ],
            "value": "true",
          },
          {
            "fields": [
              {
                "aggregator": undefined,
                "field": [
                  "[relationship Determination.taxon]",
                  "[literalField Taxon.fullName]",
                ],
                "fieldFormatter": undefined,
                "formatter": undefined,
                "separator": "",
              },
            ],
            "value": "false",
          },
        ],
        "isSingle": false,
      },
      "isDefault": true,
      "name": "Determination",
      "table": "[table Determination]",
      "title": "Determination",
    },
    {
      "definition": {
        "conditionField": undefined,
        "external": undefined,
        "fields": [
          {
            "fields": [
              {
                "aggregator": undefined,
                "field": [
                  "[literalField Discipline.name]",
                ],
                "fieldFormatter": undefined,
                "formatter": undefined,
                "separator": "",
              },
            ],
            "value": undefined,
          },
        ],
        "isSingle": true,
      },
      "isDefault": true,
      "name": "Discipline",
      "table": "[table Discipline]",
      "title": "Discipline",
    },
    {
      "definition": {
        "conditionField": undefined,
        "external": undefined,
        "fields": [
          {
            "fields": [
              {
                "aggregator": undefined,
                "field": [
                  "[literalField Division.name]",
                ],
                "fieldFormatter": undefined,
                "formatter": undefined,
                "separator": "",
              },
            ],
            "value": undefined,
          },
        ],
        "isSingle": true,
      },
      "isDefault": true,
      "name": "Division",
      "table": "[table Division]",
      "title": "Division",
    },
    {
      "definition": {
        "conditionField": undefined,
        "external": undefined,
        "fields": [
          {
            "fields": [
              {
                "aggregator": undefined,
                "field": [
                  "[literalField FieldNotebookPage.pageNumber]",
                ],
                "fieldFormatter": undefined,
                "formatter": undefined,
                "separator": "",
              },
              {
                "aggregator": undefined,
                "field": [
                  "[relationship FieldNotebookPage.pageSet]",
                  "[relationship FieldNotebookPageSet.fieldNotebook]",
                  "[literalField FieldNotebook.name]",
                ],
                "fieldFormatter": undefined,
                "formatter": undefined,
                "separator": " - ",
              },
            ],
            "value": undefined,
          },
        ],
        "isSingle": true,
      },
      "isDefault": true,
      "name": "FieldNotebookPage",
      "table": "[table FieldNotebookPage]",
      "title": "FieldNotebookPage",
    },
    {
      "definition": {
        "conditionField": undefined,
        "external": undefined,
        "fields": [
          {
            "fields": [
              {
                "aggregator": undefined,
                "field": [
                  "[relationship FundingAgent.agent]",
                ],
                "fieldFormatter": undefined,
                "formatter": "Agent",
                "separator": "",
              },
            ],
            "value": undefined,
          },
        ],
        "isSingle": true,
      },
      "isDefault": true,
      "name": "FundingAgent",
      "table": "[table FundingAgent]",
      "title": "FundingAgent",
    },
    {
      "definition": {
        "conditionField": undefined,
        "external": undefined,
        "fields": [
          {
            "fields": [
              {
                "aggregator": undefined,
                "field": [
                  "[literalField Geography.fullName]",
                ],
                "fieldFormatter": undefined,
                "formatter": undefined,
                "separator": "",
              },
            ],
            "value": undefined,
          },
        ],
        "isSingle": true,
      },
      "isDefault": true,
      "name": "Geography",
      "table": "[table Geography]",
      "title": "Geography",
    },
    {
      "definition": {
        "conditionField": undefined,
        "external": undefined,
        "fields": [
          {
            "fields": [
              {
                "aggregator": undefined,
                "field": [
                  "[literalField GeographyTreeDef.name]",
                ],
                "fieldFormatter": undefined,
                "formatter": undefined,
                "separator": "",
              },
            ],
            "value": undefined,
          },
        ],
        "isSingle": true,
      },
      "isDefault": true,
      "name": "GeographyTreeDef",
      "table": "[table GeographyTreeDef]",
      "title": "GeographyTreeDef",
    },
    {
      "definition": {
        "conditionField": undefined,
        "external": undefined,
        "fields": [
          {
            "fields": [
              {
                "aggregator": undefined,
                "field": [
                  "[literalField GeographyTreeDefItem.name]",
                ],
                "fieldFormatter": undefined,
                "formatter": undefined,
                "separator": "",
              },
            ],
            "value": undefined,
          },
        ],
        "isSingle": true,
      },
      "isDefault": true,
      "name": "GeographyTreeDefItem",
      "table": "[table GeographyTreeDefItem]",
      "title": "GeographyTreeDefItem",
    },
    {
      "definition": {
        "conditionField": undefined,
        "external": undefined,
        "fields": [
          {
            "fields": [
              {
                "aggregator": undefined,
                "field": [
                  "[literalField GeologicTimePeriod.fullName]",
                ],
                "fieldFormatter": undefined,
                "formatter": undefined,
                "separator": "",
              },
            ],
            "value": undefined,
          },
        ],
        "isSingle": true,
      },
      "isDefault": true,
      "name": "GeologicTimePeriod",
      "table": "[table GeologicTimePeriod]",
      "title": "GeologicTimePeriod",
    },
    {
      "definition": {
        "conditionField": undefined,
        "external": undefined,
        "fields": [
          {
            "fields": [
              {
                "aggregator": undefined,
                "field": [
                  "[literalField GeologicTimePeriodTreeDef.name]",
                ],
                "fieldFormatter": undefined,
                "formatter": undefined,
                "separator": "",
              },
            ],
            "value": undefined,
          },
        ],
        "isSingle": true,
      },
      "isDefault": true,
      "name": "GeologicTimePeriodTreeDef",
      "table": "[table GeologicTimePeriodTreeDef]",
      "title": "GeologicTimePeriodTreeDef",
    },
    {
      "definition": {
        "conditionField": undefined,
        "external": undefined,
        "fields": [
          {
            "fields": [
              {
                "aggregator": undefined,
                "field": [
                  "[literalField Journal.journalName]",
                ],
                "fieldFormatter": undefined,
                "formatter": undefined,
                "separator": "",
              },
            ],
            "value": undefined,
          },
        ],
        "isSingle": true,
      },
      "isDefault": true,
      "name": "Journal",
      "table": "[table Journal]",
      "title": "Journal",
    },
    {
      "definition": {
        "conditionField": undefined,
        "external": undefined,
        "fields": [
          {
            "fields": [
              {
                "aggregator": undefined,
                "field": [
                  "[literalField LithoStrat.fullName]",
                ],
                "fieldFormatter": undefined,
                "formatter": undefined,
                "separator": "",
              },
            ],
            "value": undefined,
          },
        ],
        "isSingle": true,
      },
      "isDefault": true,
      "name": "LithoStrat",
      "table": "[table LithoStrat]",
      "title": "LithoStrat",
    },
    {
      "definition": {
        "conditionField": undefined,
        "external": undefined,
        "fields": [
          {
            "fields": [
              {
                "aggregator": undefined,
                "field": [
                  "[literalField LithoStratTreeDef.name]",
                ],
                "fieldFormatter": undefined,
                "formatter": undefined,
                "separator": "",
              },
            ],
            "value": undefined,
          },
        ],
        "isSingle": true,
      },
      "isDefault": true,
      "name": "LithoStratTreeDef",
      "table": "[table LithoStratTreeDef]",
      "title": "LithoStratTreeDef",
    },
    {
      "definition": {
        "conditionField": undefined,
        "external": undefined,
        "fields": [
          {
            "fields": [
              {
                "aggregator": undefined,
                "field": [
                  "[literalField LithoStratTreeDefItem.name]",
                ],
                "fieldFormatter": undefined,
                "formatter": undefined,
                "separator": "",
              },
            ],
            "value": undefined,
          },
        ],
        "isSingle": true,
      },
      "isDefault": true,
      "name": "LithoStratTreeDefItem",
      "table": "[table LithoStratTreeDefItem]",
      "title": "LithoStratTreeDefItem",
    },
    {
      "definition": {
        "conditionField": undefined,
        "external": undefined,
        "fields": [
          {
            "fields": [
              {
                "aggregator": undefined,
                "field": [
                  "[literalField Loan.loanNumber]",
                ],
                "fieldFormatter": undefined,
                "formatter": undefined,
                "separator": "",
              },
            ],
            "value": undefined,
          },
        ],
        "isSingle": true,
      },
      "isDefault": true,
      "name": "Loan",
      "table": "[table Loan]",
      "title": "Loan",
    },
    {
      "definition": {
        "conditionField": undefined,
        "external": undefined,
        "fields": [
          {
            "fields": [
              {
                "aggregator": undefined,
                "field": [
                  "[relationship LoanAgent.agent]",
                ],
                "fieldFormatter": undefined,
                "formatter": "Agent",
                "separator": "",
              },
              {
                "aggregator": undefined,
                "field": [
                  "[literalField LoanAgent.role]",
                ],
                "fieldFormatter": undefined,
                "formatter": undefined,
                "separator": " - ",
              },
            ],
            "value": undefined,
          },
        ],
        "isSingle": true,
      },
      "isDefault": true,
      "name": "LoanAgent",
      "table": "[table LoanAgent]",
      "title": "LoanAgent",
    },
    {
      "definition": {
        "conditionField": undefined,
        "external": undefined,
        "fields": [],
        "isSingle": true,
      },
      "isDefault": true,
      "name": "LoanPreparation",
      "table": "[table LoanPreparation]",
      "title": "LoanPreparation",
    },
    {
      "definition": {
        "conditionField": undefined,
        "external": undefined,
        "fields": [
          {
            "fields": [
              {
                "aggregator": undefined,
                "field": [
                  "[relationship LoanReturnPreparation.loanPreparation]",
                  "[relationship LoanPreparation.preparation]",
                  "[relationship Preparation.prepType]",
                ],
                "fieldFormatter": undefined,
                "formatter": "PrepType",
                "separator": "",
              },
              {
                "aggregator": undefined,
                "field": [
                  "[literalField LoanReturnPreparation.quantityResolved]",
                ],
                "fieldFormatter": undefined,
                "formatter": undefined,
                "separator": " - ",
              },
            ],
            "value": undefined,
          },
        ],
        "isSingle": true,
      },
      "isDefault": true,
      "name": "LoanReturnPreparation",
      "table": "[table LoanReturnPreparation]",
      "title": "LoanReturnPreparation",
    },
    {
      "definition": {
        "conditionField": undefined,
        "external": undefined,
        "fields": [
          {
            "fields": [
              {
                "aggregator": undefined,
                "field": [
                  "[literalField Locality.localityName]",
                ],
                "fieldFormatter": undefined,
                "formatter": undefined,
                "separator": "",
              },
              {
                "aggregator": undefined,
                "field": [
                  "[relationship Locality.geography]",
                  "[literalField Geography.fullName]",
                ],
                "fieldFormatter": undefined,
                "formatter": undefined,
                "separator": "; ",
              },
              {
                "aggregator": undefined,
                "field": [
                  "[literalField Locality.latitude1]",
                ],
                "fieldFormatter": undefined,
                "formatter": undefined,
                "separator": "; ",
              },
              {
                "aggregator": undefined,
                "field": [
                  "[literalField Locality.longitude1]",
                ],
                "fieldFormatter": undefined,
                "formatter": undefined,
                "separator": ", ",
              },
            ],
            "value": undefined,
          },
        ],
        "isSingle": true,
      },
      "isDefault": true,
      "name": "Locality",
      "table": "[table Locality]",
      "title": "Locality",
    },
    {
      "definition": {
        "conditionField": undefined,
        "external": {
          "attributes": {
            "class": "edu.ku.brc.specify.ui.LocalityLatLonFormatter",
          },
          "children": {
            "param": [
              {
                "attributes": {
                  "name": "type",
                },
                "children": {},
                "tagName": "param",
                "text": "Latitude",
                "type": "SimpleXmlNode",
              },
              {
                "attributes": {
                  "name": "dir",
                },
                "children": {},
                "tagName": "param",
                "text": "symbol",
                "type": "SimpleXmlNode",
              },
              {
                "attributes": {
                  "name": "dir",
                },
                "children": {},
                "tagName": "param",
                "text": "DDDDDD",
                "type": "SimpleXmlNode",
              },
              {
                "attributes": {
                  "name": "which",
                },
                "children": {},
                "tagName": "param",
                "text": "1",
                "type": "SimpleXmlNode",
              },
            ],
          },
          "tagName": "external",
          "text": undefined,
          "type": "SimpleXmlNode",
        },
        "fields": [],
        "isSingle": true,
      },
      "isDefault": false,
      "name": "LocalityLatitude",
      "table": "[table Locality]",
      "title": "LocalityLatitude",
    },
    {
      "definition": {
        "conditionField": undefined,
        "external": {
          "attributes": {
            "class": "edu.ku.brc.specify.ui.LocalityLatLonFormatter",
          },
          "children": {
            "param": [
              {
                "attributes": {
                  "name": "type",
                },
                "children": {},
                "tagName": "param",
                "text": "Longitude",
                "type": "SimpleXmlNode",
              },
              {
                "attributes": {
                  "name": "dir",
                },
                "children": {},
                "tagName": "param",
                "text": "symbol",
                "type": "SimpleXmlNode",
              },
              {
                "attributes": {
                  "name": "dir",
                },
                "children": {},
                "tagName": "param",
                "text": "DDDDDD",
                "type": "SimpleXmlNode",
              },
              {
                "attributes": {
                  "name": "which",
                },
                "children": {},
                "tagName": "param",
                "text": "1",
                "type": "SimpleXmlNode",
              },
            ],
          },
          "tagName": "external",
          "text": undefined,
          "type": "SimpleXmlNode",
        },
        "fields": [],
        "isSingle": true,
      },
      "isDefault": false,
      "name": "LocalityLongitude",
      "table": "[table Locality]",
      "title": "LocalityLongitude",
    },
    {
      "definition": {
        "conditionField": undefined,
        "external": undefined,
        "fields": [
          {
            "fields": [
              {
                "aggregator": undefined,
                "field": [
                  "[literalField PaleoContext.paleoContextName]",
                ],
                "fieldFormatter": undefined,
                "formatter": undefined,
                "separator": "",
              },
              {
                "aggregator": undefined,
                "field": [
                  "[relationship PaleoContext.chronosStrat]",
                  "[literalField GeologicTimePeriod.fullName]",
                ],
                "fieldFormatter": undefined,
                "formatter": undefined,
                "separator": ", ",
              },
              {
                "aggregator": undefined,
                "field": [
                  "[relationship PaleoContext.lithoStrat]",
                  "[literalField LithoStrat.fullName]",
                ],
                "fieldFormatter": undefined,
                "formatter": undefined,
                "separator": ", ",
              },
            ],
            "value": undefined,
          },
        ],
        "isSingle": true,
      },
      "isDefault": true,
      "name": "PaleoContext",
      "table": "[table PaleoContext]",
      "title": "PaleoContext",
    },
    {
      "definition": {
        "conditionField": undefined,
        "external": undefined,
        "fields": [
          {
            "fields": [
              {
                "aggregator": undefined,
                "field": [
                  "[literalField Permit.permitNumber]",
                ],
                "fieldFormatter": undefined,
                "formatter": undefined,
                "separator": "",
              },
            ],
            "value": undefined,
          },
        ],
        "isSingle": true,
      },
      "isDefault": true,
      "name": "Permit",
      "table": "[table Permit]",
      "title": "Permit",
    },
    {
      "definition": {
        "conditionField": undefined,
        "external": undefined,
        "fields": [
          {
            "fields": [
              {
                "aggregator": undefined,
                "field": [
                  "[literalField PrepType.name]",
                ],
                "fieldFormatter": undefined,
                "formatter": undefined,
                "separator": "",
              },
            ],
            "value": undefined,
          },
        ],
        "isSingle": true,
      },
      "isDefault": true,
      "name": "PrepType",
      "table": "[table PrepType]",
      "title": "PrepType",
    },
    {
      "definition": {
        "conditionField": undefined,
        "external": undefined,
        "fields": [
          {
            "fields": [
              {
                "aggregator": undefined,
                "field": [
                  "[relationship Preparation.prepType]",
                ],
                "fieldFormatter": undefined,
                "formatter": "PrepType",
                "separator": "",
              },
              {
                "aggregator": undefined,
                "field": [
                  "[literalField Preparation.countAmt]",
                ],
                "fieldFormatter": undefined,
                "formatter": undefined,
                "separator": " - ",
              },
            ],
            "value": undefined,
          },
        ],
        "isSingle": true,
      },
      "isDefault": true,
      "name": "Preparation",
      "table": "[table Preparation]",
      "title": "Preparation",
    },
    {
      "definition": {
        "conditionField": undefined,
        "external": undefined,
        "fields": [
          {
            "fields": [
              {
                "aggregator": undefined,
                "field": [
                  "[literalField ReferenceWork.title]",
                ],
                "fieldFormatter": undefined,
                "formatter": undefined,
                "separator": "",
              },
            ],
            "value": undefined,
          },
        ],
        "isSingle": true,
      },
      "isDefault": true,
      "name": "ReferenceWork",
      "table": "[table ReferenceWork]",
      "title": "ReferenceWork",
    },
    {
      "definition": {
        "conditionField": undefined,
        "external": undefined,
        "fields": [
          {
            "fields": [
              {
                "aggregator": undefined,
                "field": [
                  "[literalField Shipment.shipmentDate]",
                ],
                "fieldFormatter": undefined,
                "formatter": undefined,
                "separator": "",
              },
              {
                "aggregator": undefined,
                "field": [
                  "[literalField Shipment.shipmentNumber]",
                ],
                "fieldFormatter": undefined,
                "formatter": undefined,
                "separator": " - ",
              },
              {
                "aggregator": undefined,
                "field": [
                  "[literalField Shipment.shipmentMethod]",
                ],
                "fieldFormatter": undefined,
                "formatter": undefined,
                "separator": " - ",
              },
            ],
            "value": undefined,
          },
        ],
        "isSingle": true,
      },
      "isDefault": true,
      "name": "Shipment",
      "table": "[table Shipment]",
      "title": "Shipment",
    },
    {
      "definition": {
        "conditionField": undefined,
        "external": undefined,
        "fields": [
          {
            "fields": [
              {
                "aggregator": undefined,
                "field": [
                  "[literalField Storage.fullName]",
                ],
                "fieldFormatter": undefined,
                "formatter": undefined,
                "separator": "",
              },
            ],
            "value": undefined,
          },
        ],
        "isSingle": true,
      },
      "isDefault": true,
      "name": "Storage",
      "table": "[table Storage]",
      "title": "Storage",
    },
    {
      "definition": {
        "conditionField": undefined,
        "external": undefined,
        "fields": [
          {
            "fields": [
              {
                "aggregator": undefined,
                "field": [
                  "[literalField StorageTreeDef.name]",
                ],
                "fieldFormatter": undefined,
                "formatter": undefined,
                "separator": "",
              },
            ],
            "value": undefined,
          },
        ],
        "isSingle": true,
      },
      "isDefault": true,
      "name": "StorageTreeDef",
      "table": "[table StorageTreeDef]",
      "title": "StorageTreeDef",
    },
    {
      "definition": {
        "conditionField": undefined,
        "external": undefined,
        "fields": [
          {
            "fields": [
              {
                "aggregator": undefined,
                "field": [
                  "[literalField StorageTreeDefItem.name]",
                ],
                "fieldFormatter": undefined,
                "formatter": undefined,
                "separator": "",
              },
            ],
            "value": undefined,
          },
        ],
        "isSingle": true,
      },
      "isDefault": true,
      "name": "StorageTreeDefItem",
      "table": "[table StorageTreeDefItem]",
      "title": "StorageTreeDefItem",
    },
    {
      "definition": {
        "conditionField": undefined,
        "external": undefined,
        "fields": [
          {
            "fields": [
              {
                "aggregator": undefined,
                "field": [
                  "[literalField Taxon.fullName]",
                ],
                "fieldFormatter": undefined,
                "formatter": undefined,
                "separator": "",
              },
            ],
            "value": undefined,
          },
        ],
        "isSingle": true,
      },
      "isDefault": true,
      "name": "Taxon",
      "table": "[table Taxon]",
      "title": "Taxon",
    },
    {
      "definition": {
        "conditionField": undefined,
        "external": undefined,
        "fields": [
          {
            "fields": [
              {
                "aggregator": undefined,
                "field": [
                  "[relationship TaxonCitation.referenceWork]",
                ],
                "fieldFormatter": undefined,
                "formatter": "ReferenceWork",
                "separator": "",
              },
            ],
            "value": undefined,
          },
        ],
        "isSingle": true,
      },
      "isDefault": true,
      "name": "TaxonCitation",
      "table": "[table TaxonCitation]",
      "title": "TaxonCitation",
    },
    {
      "definition": {
        "conditionField": undefined,
        "external": undefined,
        "fields": [
          {
            "fields": [
              {
                "aggregator": undefined,
                "field": [
                  "[literalField TaxonTreeDef.name]",
                ],
                "fieldFormatter": undefined,
                "formatter": undefined,
                "separator": "",
              },
            ],
            "value": undefined,
          },
        ],
        "isSingle": true,
      },
      "isDefault": true,
      "name": "TaxonTreeDef",
      "table": "[table TaxonTreeDef]",
      "title": "TaxonTreeDef",
    },
    {
      "definition": {
        "conditionField": undefined,
        "external": undefined,
        "fields": [
          {
            "fields": [
              {
                "aggregator": undefined,
                "field": [
                  "[literalField TaxonTreeDefItem.name]",
                ],
                "fieldFormatter": undefined,
                "formatter": undefined,
                "separator": "",
              },
            ],
            "value": undefined,
          },
        ],
        "isSingle": true,
      },
      "isDefault": true,
      "name": "TaxonTreeDefItem",
      "table": "[table TaxonTreeDefItem]",
      "title": "TaxonTreeDefItem",
    },
    {
      "definition": {
        "conditionField": undefined,
        "external": undefined,
        "fields": [
          {
            "fields": [
              {
                "aggregator": undefined,
                "field": [
                  "[literalField Project.projectNumber]",
                ],
                "fieldFormatter": undefined,
                "formatter": undefined,
                "separator": "institutionCode=",
              },
              {
                "aggregator": undefined,
                "field": [
                  "[literalField Project.grantAgency]",
                ],
                "fieldFormatter": undefined,
                "formatter": undefined,
                "separator": "&collectionCode=",
              },
              {
                "aggregator": undefined,
                "field": [
                  "[literalField Project.projectName]",
                ],
                "fieldFormatter": undefined,
                "formatter": undefined,
                "separator": "&catalogNumber=",
              },
              {
                "aggregator": undefined,
                "field": [
                  "[literalField Project.url]",
                ],
                "fieldFormatter": undefined,
                "formatter": undefined,
                "separator": "&accesspoint=",
              },
            ],
            "value": undefined,
          },
        ],
        "isSingle": true,
      },
      "isDefault": true,
      "name": "Voucher",
      "table": "[table Project]",
      "title": "Voucher",
    },
    {
      "definition": {
        "conditionField": undefined,
        "external": undefined,
        "fields": [
          {
            "fields": [
              {
                "aggregator": undefined,
                "field": [
                  "[literalField VoucherRelationship.institutionCode]",
                ],
                "fieldFormatter": undefined,
                "formatter": undefined,
                "separator": "institutionCode=",
              },
              {
                "aggregator": undefined,
                "field": [
                  "[literalField VoucherRelationship.collectionCode]",
                ],
                "fieldFormatter": undefined,
                "formatter": undefined,
                "separator": "&collectionCode=",
              },
              {
                "aggregator": undefined,
                "field": [
                  "[literalField VoucherRelationship.voucherNumber]",
                ],
                "fieldFormatter": undefined,
                "formatter": undefined,
                "separator": "&catalogNumber=",
              },
              {
                "aggregator": undefined,
                "field": [
                  "[literalField VoucherRelationship.urlLink]",
                ],
                "fieldFormatter": undefined,
                "formatter": undefined,
                "separator": "&accesspoint=",
              },
            ],
            "value": undefined,
          },
        ],
        "isSingle": true,
      },
      "isDefault": true,
      "name": "Voucher relationship",
      "table": "[table VoucherRelationship]",
      "title": "VoucherRelationship",
    },
  ],
}
`;
