// Jest Snapshot v1, https://goo.gl/fbAQLP

exports[`fetchAllViews 1`] = `
{
  "database": [
    {
      "altviews": {
        "Accession Edit": {
          "mode": "edit",
          "name": "Accession Edit",
          "viewdef": "Accession",
        },
        "Accession View": {
          "default": "true",
          "mode": "view",
          "name": "Accession View",
          "viewdef": "Accession",
        },
      },
      "busrules": "edu.ku.brc.specify.datamodel.busrules.AccessionBusRules",
      "category": "KU Fish Voucher Collection",
      "class": "edu.ku.brc.specify.datamodel.Accession",
      "collectionId": 4,
      "disciplineId": 3,
      "editUrl": "/specify/resources/view-set/4/Accession/Accession/",
      "name": "Accession",
      "resourcelabels": "false",
      "view": "[OMITTED]",
      "viewdefs": {
        "Accession": "[OMITTED]",
      },
      "viewsetFile": null,
      "viewsetId": 4,
      "viewsetLevel": "Collection",
      "viewsetName": "Fish Views",
      "viewsetSource": "db",
    },
    {
      "altviews": {
        "AccessionCO Edit": {
          "mode": "edit",
          "name": "AccessionCO Edit",
          "viewdef": "AccessionCO",
        },
        "AccessionCO View": {
          "default": "true",
          "mode": "view",
          "name": "AccessionCO View",
          "viewdef": "AccessionCO",
        },
      },
      "busrules": "edu.ku.brc.specify.datamodel.busrules.AccessionBusRules",
      "category": "KU Fish Voucher Collection",
      "class": "edu.ku.brc.specify.datamodel.Accession",
      "collectionId": 4,
      "disciplineId": 3,
      "editUrl": "/specify/resources/view-set/4/Accession/AccessionCO/",
      "name": "AccessionCO",
      "view": "[OMITTED]",
      "viewdefs": {
        "AccessionCO": "[OMITTED]",
      },
      "viewsetFile": null,
      "viewsetId": 4,
      "viewsetLevel": "Collection",
      "viewsetName": "Fish Views",
      "viewsetSource": "db",
    },
    {
      "altviews": {
        "Accession Edit": {
          "mode": "edit",
          "name": "Accession Edit",
          "viewdef": "Accession",
        },
        "Accession View": {
          "default": "true",
          "mode": "view",
          "name": "Accession View",
          "viewdef": "Accession",
        },
      },
      "busrules": "edu.ku.brc.specify.datamodel.busrules.AccessionBusRules",
      "category": "KU Fish Tissue Collection",
      "class": "edu.ku.brc.specify.datamodel.Accession",
      "collectionId": 32768,
      "disciplineId": 3,
      "editUrl": "/specify/resources/view-set/6/Accession/Accession/",
      "name": "Accession",
      "resourcelabels": "false",
      "view": "[OMITTED]",
      "viewdefs": {
        "Accession": "[OMITTED]",
      },
      "viewsetFile": null,
      "viewsetId": 6,
      "viewsetLevel": "Collection",
      "viewsetName": "Fish Views",
      "viewsetSource": "db",
    },
    {
      "altviews": {
        "AccessionCO Edit": {
          "mode": "edit",
          "name": "AccessionCO Edit",
          "viewdef": "AccessionCO",
        },
        "AccessionCO View": {
          "default": "true",
          "mode": "view",
          "name": "AccessionCO View",
          "viewdef": "AccessionCO",
        },
      },
      "busrules": "edu.ku.brc.specify.datamodel.busrules.AccessionBusRules",
      "category": "KU Fish Tissue Collection",
      "class": "edu.ku.brc.specify.datamodel.Accession",
      "collectionId": 32768,
      "disciplineId": 3,
      "editUrl": "/specify/resources/view-set/6/Accession/AccessionCO/",
      "name": "AccessionCO",
      "view": "[OMITTED]",
      "viewdefs": {
        "AccessionCO": "[OMITTED]",
      },
      "viewsetFile": null,
      "viewsetId": 6,
      "viewsetLevel": "Collection",
      "viewsetName": "Fish Views",
      "viewsetSource": "db",
    },
    {
      "altviews": {
        "Accession Edit": {
          "mode": "edit",
          "name": "Accession Edit",
          "viewdef": "Accession",
        },
        "Accession View": {
          "default": "true",
          "mode": "view",
          "name": "Accession View",
          "viewdef": "Accession",
        },
      },
      "busrules": "edu.ku.brc.specify.datamodel.busrules.AccessionBusRules",
      "category": "KU Fish Teaching Collection",
      "class": "edu.ku.brc.specify.datamodel.Accession",
      "collectionId": 65536,
      "disciplineId": 3,
      "editUrl": "/specify/resources/view-set/5/Accession/Accession/",
      "name": "Accession",
      "resourcelabels": "false",
      "view": "[OMITTED]",
      "viewdefs": {
        "Accession": "[OMITTED]",
      },
      "viewsetFile": null,
      "viewsetId": 5,
      "viewsetLevel": "Collection",
      "viewsetName": "Fish Views",
      "viewsetSource": "db",
    },
    {
      "altviews": {
        "AccessionCO Edit": {
          "mode": "edit",
          "name": "AccessionCO Edit",
          "viewdef": "AccessionCO",
        },
        "AccessionCO View": {
          "default": "true",
          "mode": "view",
          "name": "AccessionCO View",
          "viewdef": "AccessionCO",
        },
      },
      "busrules": "edu.ku.brc.specify.datamodel.busrules.AccessionBusRules",
      "category": "KU Fish Teaching Collection",
      "class": "edu.ku.brc.specify.datamodel.Accession",
      "collectionId": 65536,
      "disciplineId": 3,
      "editUrl": "/specify/resources/view-set/5/Accession/AccessionCO/",
      "name": "AccessionCO",
      "view": "[OMITTED]",
      "viewdefs": {
        "AccessionCO": "[OMITTED]",
      },
      "viewsetFile": null,
      "viewsetId": 5,
      "viewsetLevel": "Collection",
      "viewsetName": "Fish Views",
      "viewsetSource": "db",
    },
    {
      "altviews": {
        "Accession Edit": {
          "mode": "edit",
          "name": "Accession Edit",
          "viewdef": "Accession",
        },
        "Accession View": {
          "default": "true",
          "mode": "view",
          "name": "Accession View",
          "viewdef": "Accession",
        },
      },
      "busrules": "edu.ku.brc.specify.datamodel.busrules.AccessionBusRules",
      "category": "KU Fish Observation Collection",
      "class": "edu.ku.brc.specify.datamodel.Accession",
      "collectionId": 98304,
      "disciplineId": 3,
      "editUrl": "/specify/resources/view-set/7/Accession/Accession/",
      "name": "Accession",
      "resourcelabels": "false",
      "view": "[OMITTED]",
      "viewdefs": {
        "Accession": "[OMITTED]",
      },
      "viewsetFile": null,
      "viewsetId": 7,
      "viewsetLevel": "Collection",
      "viewsetName": "Fish Views",
      "viewsetSource": "db",
    },
    {
      "altviews": {
        "AccessionCO Edit": {
          "mode": "edit",
          "name": "AccessionCO Edit",
          "viewdef": "AccessionCO",
        },
        "AccessionCO View": {
          "default": "true",
          "mode": "view",
          "name": "AccessionCO View",
          "viewdef": "AccessionCO",
        },
      },
      "busrules": "edu.ku.brc.specify.datamodel.busrules.AccessionBusRules",
      "category": "KU Fish Observation Collection",
      "class": "edu.ku.brc.specify.datamodel.Accession",
      "collectionId": 98304,
      "disciplineId": 3,
      "editUrl": "/specify/resources/view-set/7/Accession/AccessionCO/",
      "name": "AccessionCO",
      "view": "[OMITTED]",
      "viewdefs": {
        "AccessionCO": "[OMITTED]",
      },
      "viewsetFile": null,
      "viewsetId": 7,
      "viewsetLevel": "Collection",
      "viewsetName": "Fish Views",
      "viewsetSource": "db",
    },
  ],
  "disk": [
    {
      "altviews": {
        "Accession Edit": {
          "mode": "edit",
          "name": "Accession Edit",
          "viewdef": "Accession",
        },
        "Accession View": {
          "default": "true",
          "mode": "view",
          "name": "Accession View",
          "viewdef": "Accession",
        },
      },
      "busrules": "edu.ku.brc.specify.datamodel.busrules.AccessionBusRules",
      "category": "Common",
      "class": "edu.ku.brc.specify.datamodel.Accession",
      "collectionId": 98304,
      "disciplineId": undefined,
      "editUrl": undefined,
      "name": "Accession",
      "view": "[OMITTED]",
      "viewdefs": {
        "Accession": "[OMITTED]",
      },
      "viewsetFile": "common/common.views.xml",
      "viewsetId": null,
      "viewsetLevel": "Common",
      "viewsetName": "Common",
      "viewsetSource": "disk",
    },
    {
      "altviews": {
        "AccessionCO Edit": {
          "mode": "edit",
          "name": "AccessionCO Edit",
          "viewdef": "AccessionCO",
        },
        "AccessionCO View": {
          "default": "true",
          "mode": "view",
          "name": "AccessionCO View",
          "viewdef": "AccessionCO",
        },
      },
      "busrules": "edu.ku.brc.specify.datamodel.busrules.AccessionBusRules",
      "category": "Common",
      "class": "edu.ku.brc.specify.datamodel.Accession",
      "collectionId": 98304,
      "disciplineId": undefined,
      "editUrl": undefined,
      "name": "AccessionCO",
      "view": "[OMITTED]",
      "viewdefs": {
        "AccessionCO": "[OMITTED]",
      },
      "viewsetFile": "common/common.views.xml",
      "viewsetId": null,
      "viewsetLevel": "Common",
      "viewsetName": "Common",
      "viewsetSource": "disk",
    },
    {
      "altviews": {
        "AccessionDeaccession Table View": {
          "default": "true",
          "mode": "view",
          "name": "AccessionDeaccession Table View",
          "viewdef": "AccessionDeaccession Table",
        },
        "AccessionDeaccession View": {
          "mode": "view",
          "name": "AccessionDeaccession View",
          "viewdef": "AccessionDeaccession",
        },
      },
      "busrules": "edu.ku.brc.specify.datamodel.busrules.AccessionBusRules",
      "category": "Common",
      "class": "edu.ku.brc.specify.datamodel.Accession",
      "collectionId": 98304,
      "disciplineId": undefined,
      "editUrl": undefined,
      "name": "AccessionDeaccession",
      "view": "[OMITTED]",
      "viewdefs": {
        "AccessionDeaccession": "[OMITTED]",
        "AccessionDeaccession Table": "[OMITTED]",
      },
      "viewsetFile": "common/common.views.xml",
      "viewsetId": null,
      "viewsetLevel": "Common",
      "viewsetName": "Common",
      "viewsetSource": "disk",
    },
    {
      "altviews": {
        "AccessionSearch": {
          "default": "true",
          "mode": "edit",
          "name": "AccessionSearch",
          "validated": "false",
          "viewdef": "AccessionSearch",
        },
      },
      "category": "Backstop > Search",
      "class": "edu.ku.brc.specify.datamodel.Accession",
      "collectionId": 98304,
      "disciplineId": undefined,
      "editUrl": undefined,
      "name": "AccessionSearch",
      "resourcelabels": "false",
      "usedefbusrule": "false",
      "view": "[OMITTED]",
      "viewdefs": {
        "AccessionSearch": "[OMITTED]",
      },
      "viewsetFile": "backstop/search.views.xml",
      "viewsetId": null,
      "viewsetLevel": "Backstop",
      "viewsetName": "Search",
      "viewsetSource": "disk",
    },
  ],
}
`;
