// Jest Snapshot v1, https://goo.gl/fbAQLP

exports[`Can edit form definition 1`] = `
"<?xml version='1.0' encoding='UTF-8'?>
<viewdef>
  <desc>The Accession form.</desc>
  <enableRules/>
  <columnDef>100px,2px,175px,5px,140px,2px,161px,5px,75px,2px,160px,0px,15px,p:g</columnDef>
  <columnDef>100px,2px,175px,5px,140px,2px,161px,5px,75px,2px,160px,0px,15px,p:g</columnDef>
  <columnDef os='lnx'>115px,2px,185px,5px,160px,2px,180px,5px,105px,2px,156px,0px,15px,p:g</columnDef>
  <columnDef os='mac'>130px,2px,205px,5px,180px,2px,200px,5px,125px,2px,176px,0px,15px,p:g</columnDef>
  <columnDef os='exp'>p,2px,p:g,5px:g,p,2px,p:g,5px:g,p,2px,p:g,0px,p,p:g</columnDef>
  <rowDef auto='true' cell='p' sep='1px'/>
  <rows>
    <row>
      <cell
        type='field'
        id='1'
        name='accessionNumber'
        uitype='formattedtext'
        initialize=''
      />
      <cell type='label' labelfor='2' initialize=''/>
      <cell type='field' id='2' name='status' uitype='combobox' initialize=''/>
      <cell type='label' labelfor='3' initialize=''/>
      <cell type='field' id='3' name='type' uitype='combobox' initialize=''/>
    </row>
    <row>
      <cell
        type='field'
        id='1'
        name='accessionNumber'
        uitype='formattedtext'
        initialize=''
      />
      <cell type='label' labelfor='2' initialize=''/>
      <cell type='field' id='2' name='status' uitype='combobox' initialize=''/>
      <cell type='label' labelfor='3' initialize=''/>
      <cell type='field' id='3' name='type' uitype='combobox' initialize=''/>
      <cell type='label' labelfor='2' label='New Label' initialize=''/>
    </row>
    <row>
      <cell
        type='field'
        id='1'
        name='accessionNumber'
        uitype='formattedtext'
        initialize=''
      />
      <cell type='label' labelfor='2' initialize=''/>
      <cell type='field' id='2' name='status' uitype='combobox' initialize=''/>
      <cell type='label' labelfor='3' initialize=''/>
      <cell type='field' id='3' name='type' uitype='combobox' initialize=''/>
    </row>
    <row>
      <cell type='label' labelfor='12' initialize=''/>
      <cell
        type='field'
        id='12'
        name='dateAccessioned'
        uitype='formattedtext'
        uifieldformatter='Date'
        default='today'
        initialize=''
      />
      <cell type='label' labelfor='6' initialize=''/>
      <cell
        type='field'
        id='6'
        name='dateReceived'
        uitype='formattedtext'
        uifieldformatter='Date'
        default='today'
        initialize=''
      />
    </row>
  </rows>
</viewdef>"
`;

exports[`Tables with form tables computed correctly 1`] = `
[
  "[table Accession]",
  "[table AccessionAgent]",
  "[table AccessionAuthorization]",
  "[table AccessionCitation]",
  "[table Address]",
  "[table AddressOfRecord]",
  "[table Agent]",
  "[table AgentGeography]",
  "[table AgentIdentifier]",
  "[table AgentSpecialty]",
  "[table Appraisal]",
  "[table Author]",
  "[table Borrow]",
  "[table BorrowAgent]",
  "[table BorrowMaterial]",
  "[table BorrowReturnMaterial]",
  "[table CollectingEvent]",
  "[table CollectingEventAttr]",
  "[table CollectingEventAttribute]",
  "[table CollectingEventAuthorization]",
  "[table CollectingTrip]",
  "[table CollectingTripAttribute]",
  "[table CollectingTripAuthorization]",
  "[table Collection]",
  "[table CollectionObjectAttr]",
  "[table CollectionObjectAttribute]",
  "[table CollectionObjectCitation]",
  "[table CollectionObjectProperty]",
  "[table CollectionRelType]",
  "[table CollectionRelationship]",
  "[table Collector]",
  "[table CommonNameTx]",
  "[table CommonNameTxCitation]",
  "[table ConservDescription]",
  "[table ConservEvent]",
  "[table Container]",
  "[table DNAPrimer]",
  "[table DNASequence]",
  "[table DNASequencingRun]",
  "[table DNASequencingRunCitation]",
  "[table Deaccession]",
  "[table DeaccessionAgent]",
  "[table Determination]",
  "[table DeterminationCitation]",
  "[table Determiner]",
  "[table Discipline]",
  "[table Disposal]",
  "[table DisposalAgent]",
  "[table DisposalPreparation]",
  "[table Division]",
  "[table ExchangeIn]",
  "[table ExchangeInPrep]",
  "[table ExchangeOut]",
  "[table ExchangeOutPrep]",
  "[table Exsiccata]",
  "[table ExsiccataItem]",
  "[table Extractor]",
  "[table FieldNotebook]",
  "[table FieldNotebookPage]",
  "[table FieldNotebookPageSet]",
  "[table FundingAgent]",
  "[table GeoCoordDetail]",
  "[table Geography]",
  "[table GeographyTreeDef]",
  "[table GeographyTreeDefItem]",
  "[table GeologicTimePeriodTreeDef]",
  "[table GeologicTimePeriodTreeDefItem]",
  "[table Gift]",
  "[table GiftAgent]",
  "[table GiftPreparation]",
  "[table GroupPerson]",
  "[table InfoRequest]",
  "[table Institution]",
  "[table InstitutionNetwork]",
  "[table Journal]",
  "[table LatLonPolygon]",
  "[table LatLonPolygonPnt]",
  "[table LithoStratTreeDef]",
  "[table LithoStratTreeDefItem]",
  "[table Loan]",
  "[table LoanAgent]",
  "[table LoanPreparation]",
  "[table LoanReturnPreparation]",
  "[table Locality]",
  "[table LocalityCitation]",
  "[table LocalityDetail]",
  "[table LocalityNameAlias]",
  "[table MaterialSample]",
  "[table OtherIdentifier]",
  "[table PcrPerson]",
  "[table Permit]",
  "[table PrepType]",
  "[table Preparation]",
  "[table PreparationAttr]",
  "[table PreparationAttribute]",
  "[table PreparationProperty]",
  "[table Project]",
  "[table ReferenceWork]",
  "[table RepositoryAgreement]",
  "[table Shipment]",
  "[table Storage]",
  "[table StorageTreeDef]",
  "[table StorageTreeDefItem]",
  "[table Taxon]",
  "[table TaxonAttribute]",
  "[table TaxonCitation]",
  "[table TaxonTreeDef]",
  "[table TaxonTreeDefItem]",
  "[table TreatmentEvent]",
  "[table VoucherRelationship]",
]
`;
