// Jest Snapshot v1, https://jestjs.io/docs/snapshot-testing

exports[`ChronoChart simple render 1`] = `
<DocumentFragment>
  <button
    aria-label="Chronostratigraphic Chart"
    class="icon link rounded"
    title="Chronostratigraphic Chart"
    type="button"
  >
    <svg
      aria-hidden="true"
      class="w-6 h-6 flex-shrink-0"
      fill="currentColor"
      viewBox="0 0 20 20"
      xmlns="http://www.w3.org/2000/svg"
    >
      <path
        clip-rule="evenodd"
        d="M10 18a8 8 0 100-16 8 8 0 000 16zm1-12a1 1 0 10-2 0v4a1 1 0 00.293.707l2.828 2.829a1 1 0 101.415-1.415L11 9.586V6z"
        fill-rule="evenodd"
      />
    </svg>
  </button>
</DocumentFragment>
`;
